MPLINK 4.30.01, Linker
Linker Map File - Created Tue Mar 27 12:53:46 2018

                                 Section Info
                  Section       Type    Address   Location Size(Bytes)
                ---------  ---------  ---------  ---------  ---------
               _entry_scn       code   0x000000    program   0x000006
           .code___init.o       code   0x000006    program   0x000002
              high_vector       code   0x000008    program   0x000006
         .idata_CO_OD.o_i    romdata   0x00000e    program   0x000008
            .code_c018i.o       code   0x000016    program   0x000000
               low_vector       code   0x000018    program   0x00000c
                   .cinit    romdata   0x000024    program   0x000032
        .code_CO_driver.o       code   0x000056    program   0x000ad4
         .romdata_CO_OD.o    romdata   0x000b2a    program   0x0004a1
        .romdata___init.o    romdata   0x000fcb    program   0x000000
       .romdata_fxm3232.o    romdata   0x000fcb    program   0x000000
      .romdata_fxd3232u.o    romdata   0x000fcb    program   0x000000
      .romdata_fxd1616u.o    romdata   0x000fcb    program   0x000000
.romdata_memcpyram2flash.o    romdata   0x000fcb    program   0x000000
          .romdata_main.o    romdata   0x000fcb    program   0x000000
          .romdata_user.o    romdata   0x000fcb    program   0x000000
         .romdata_c018i.o    romdata   0x000fcb    program   0x000000
          .idata_user.o_i    romdata   0x000fcb    program   0x000001
             .stringtable    romdata   0x000fcb    program   0x000000
         .code_fxd1616u.o       code   0x000fcc    program   0x00002c
         .idata_c018i.o_i    romdata   0x000ff8    program   0x000000
        .idata___init.o_i    romdata   0x000ff8    program   0x000000
       .idata_fxm3232.o_i    romdata   0x000ff8    program   0x000000
      .idata_fxd3232u.o_i    romdata   0x000ff8    program   0x000000
      .idata_fxd1616u.o_i    romdata   0x000ff8    program   0x000000
.idata_memcpyram2flash.o_i    romdata   0x000ff8    program   0x000000
     .idata_CO_driver.o_i    romdata   0x000ff8    program   0x000003
          .idata_main.o_i    romdata   0x000ff8    program   0x000000
      ODE_CO_RomVariables    romdata   0x001000    program   0x0001a4
         .code_CO_stack.o       code   0x0011a4    program   0x0026e2
            .code_CO_OD.o       code   0x003886    program   0x000628
             .code_user.o       code   0x003eae    program   0x000280
  .code_memcpyram2flash.o       code   0x00412e    program   0x0001fe
             .code_main.o       code   0x00432c    program   0x000110
               _cinit_scn       code   0x00443c    program   0x00009e
                   STRING       code   0x0044da    program   0x00009c
          .code_fxm3232.o       code   0x004576    program   0x000070
         .code_fxd3232u.o       code   0x0045e6    program   0x000048
      .romdata_CO_stack.o    romdata   0x00462e    program   0x000040
     .romdata_CO_driver.o    romdata   0x00466e    program   0x000028
             _startup_scn       code   0x004696    program   0x00001c
                    .code       code   0x0046b2    program   0x00000e
      .idata_CO_stack.o_i    romdata   0x0046c0    program   0x000012
                MATH_DATA      udata   0x000000       data   0x000010
                 .tmpdata      udata   0x000010       data   0x00000d
        CO_udata_Assembly      udata   0x00001d       data   0x000003
          CO_CANtxIsr_tmp      udata   0x000020       data   0x000003
           CO_udata_RXCAN      udata   0x000060       data   0x000079
           .udata_c018i.o      udata   0x0000d9       data   0x00000a
           .idata_CO_OD.o      idata   0x0000e3       data   0x000008
       .idata_CO_driver.o      idata   0x0000eb       data   0x000003
 .udata_memcpyram2flash.o      udata   0x0000ee       data   0x000002
        .udata_fxd1616u.o      udata   0x0000f0       data   0x000000
        .idata_fxd1616u.o      idata   0x0000f0       data   0x000000
        .udata_fxd3232u.o      udata   0x0000f0       data   0x000000
        .idata_fxd3232u.o      idata   0x0000f0       data   0x000000
         .udata_fxm3232.o      udata   0x0000f0       data   0x000000
         .idata_fxm3232.o      idata   0x0000f0       data   0x000000
          .udata___init.o      udata   0x0000f0       data   0x000000
          .idata___init.o      idata   0x0000f0       data   0x000000
 .idata_memcpyram2flash.o      idata   0x0000f0       data   0x000000
            .idata_main.o      idata   0x0000f0       data   0x000000
            .udata_main.o      udata   0x0000f0       data   0x000000
            .udata_user.o      udata   0x0000f0       data   0x000000
           .idata_c018i.o      idata   0x0000f0       data   0x000000
           CO_udata_TXCAN      udata   0x000100       data   0x000058
        .udata_CO_stack.o      udata   0x000158       data   0x000050
           .udata_CO_OD.o      udata   0x0001a8       data   0x000040
        .idata_CO_stack.o      idata   0x0001e8       data   0x000012
       .udata_CO_driver.o      udata   0x0001fa       data   0x000005
            .idata_user.o      idata   0x0001ff       data   0x000001
                   .stack      udata   0x000c00       data   0x000100
              SFR_BANKED0      udata   0x000d60       data   0x00000c
              SFR_BANKED1      udata   0x000d70       data   0x00000c
              SFR_BANKED2      udata   0x000d80       data   0x00000c
              SFR_BANKED3      udata   0x000d90       data   0x000004
              SFR_BANKED4      udata   0x000dd4       data   0x000002
              SFR_BANKED5      udata   0x000dd8       data   0x000001
              SFR_BANKED6      udata   0x000de0       data   0x000008
              SFR_BANKED7      udata   0x000df0       data   0x000004
              SFR_BANKED8      udata   0x000df8       data   0x000001
              SFR_BANKED9      udata   0x000dfa       data   0x000001
             SFR_BANKED10      udata   0x000dfc       data   0x000001
             SFR_BANKED11      udata   0x000e20       data   0x000060
             SFR_BANKED12      udata   0x000f00       data   0x000060
            SFR_UNBANKED0      udata   0x000f60       data   0x000018
            SFR_UNBANKED1      udata   0x000f80       data   0x000080



                              Program Memory Usage 
                               Start         End      
                           ---------   ---------      
                            0x000000    0x000015      
                            0x000018    0x000ffa      
                            0x001000    0x0046d1      
            18123 out of 50200 program addresses used, program memory utilization is 36%



                              Symbols - Sorted by Name
                     Name    Address   Location    Storage File                     
                ---------  ---------  ---------  --------- ---------                
           CO_BitRateData   0x00466e    program     extern D:\_WorkSpace\GitHub\PIC18F_CANopen\CANopen\PIC18_with_Microchip_C18\CO_driver.c
              CO_CANrxIsr   0x000400    program     extern D:\_WorkSpace\GitHub\PIC18F_CANopen\CANopen\PIC18_with_Microchip_C18\CO_driver.c
              CO_CANtxIsr   0x0004e8    program     extern D:\_WorkSpace\GitHub\PIC18F_CANopen\CANopen\PIC18_with_Microchip_C18\CO_driver.c
            CO_DriverInit   0x000056    program     extern D:\_WorkSpace\GitHub\PIC18F_CANopen\CANopen\PIC18_with_Microchip_C18\CO_driver.c
           CO_EEPROM_size   0x00119e    program     extern D:\_WorkSpace\GitHub\PIC18F_CANopen\Src\CO_OD.c
         CO_FindEntryInOD   0x00266c    program     extern D:\_WorkSpace\GitHub\PIC18F_CANopen\CANopen\CO_stack.c
                  CO_IH_1   0x000432    program     static                          
                 CO_IH_10   0x000458    program     static                          
                 CO_IH_11   0x000474    program     static                          
                  CO_IH_2   0x000440    program     static                          
                 CO_IH_20   0x00048a    program     static                          
                  CO_IH_3   0x000450    program     static                          
                 CO_IH_30   0x0004d2    program     static                          
                CO_IH_END   0x0004d2    program     static                          
                    CO_OD   0x000b2a    program     extern D:\_WorkSpace\GitHub\PIC18F_CANopen\Src\CO_OD.c
       CO_OD_NoOfElements   0x000fc9    program     extern D:\_WorkSpace\GitHub\PIC18F_CANopen\Src\CO_OD.c
               CO_OD_Read   0x00071a    program     extern D:\_WorkSpace\GitHub\PIC18F_CANopen\CANopen\PIC18_with_Microchip_C18\CO_driver.c
        CO_OD_VerifyWrite   0x003886    program     extern D:\_WorkSpace\GitHub\PIC18F_CANopen\Src\CO_OD.c
              CO_OD_Write   0x0008ee    program     extern D:\_WorkSpace\GitHub\PIC18F_CANopen\CANopen\PIC18_with_Microchip_C18\CO_driver.c
         CO_ProcessDriver   0x0000aa    program     extern D:\_WorkSpace\GitHub\PIC18F_CANopen\CANopen\PIC18_with_Microchip_C18\CO_driver.c
           CO_ProcessMain   0x002870    program     extern D:\_WorkSpace\GitHub\PIC18F_CANopen\CANopen\CO_stack.c
   CO_Read_NodeId_BitRate   0x000290    program     extern D:\_WorkSpace\GitHub\PIC18F_CANopen\CANopen\PIC18_with_Microchip_C18\CO_driver.c
             CO_ResetComm   0x0011a4    program     extern D:\_WorkSpace\GitHub\PIC18F_CANopen\CANopen\CO_stack.c
              CO_SetupCAN   0x0002ea    program     extern D:\_WorkSpace\GitHub\PIC18F_CANopen\CANopen\PIC18_with_Microchip_C18\CO_driver.c
              CO_TPDOsend   0x0020c6    program     extern D:\_WorkSpace\GitHub\PIC18F_CANopen\CANopen\CO_stack.c
             CO_TXCANsend   0x001e82    program     extern D:\_WorkSpace\GitHub\PIC18F_CANopen\CANopen\CO_stack.c
           CO_Timer1msIsr   0x0021a0    program     extern D:\_WorkSpace\GitHub\PIC18F_CANopen\CANopen\CO_stack.c
          ErrorCodesTable   0x00462e    program     extern D:\_WorkSpace\GitHub\PIC18F_CANopen\CANopen\CO_stack.c
              ErrorReport   0x0024f0    program     extern D:\_WorkSpace\GitHub\PIC18F_CANopen\CANopen\CO_stack.c
               ErrorReset   0x0025b6    program     extern D:\_WorkSpace\GitHub\PIC18F_CANopen\CANopen\CO_stack.c
                 FXD1616U   0x000fcc    program     extern C:\MCC18\src\traditional\math\fxd1616u.c
                 FXD3232U   0x0045e6    program     extern C:\MCC18\src\traditional\math\fxd3232u.c
                  FXM3232   0x004576    program     extern C:\MCC18\src\traditional\math\fxm3232.c
                   IsrLow   0x00432c    program     extern D:\_WorkSpace\GitHub\PIC18F_CANopen\CANopen\PIC18_with_Microchip_C18\main.c
           ODE_CANbitRate   0x00119d    program     extern D:\_WorkSpace\GitHub\PIC18F_CANopen\Src\CO_OD.c
            ODE_CANnodeID   0x00119c    program     extern D:\_WorkSpace\GitHub\PIC18F_CANopen\Src\CO_OD.c
ODE_Communication_Cycle_Period   0x001008    program     extern D:\_WorkSpace\GitHub\PIC18F_CANopen\Src\CO_OD.c
ODE_Consumer_Heartbeat_Time   0x00102d    program     extern D:\_WorkSpace\GitHub\PIC18F_CANopen\Src\CO_OD.c
ODE_Consumer_Heartbeat_Time_NoOfEntries   0x00102c    program     extern D:\_WorkSpace\GitHub\PIC18F_CANopen\Src\CO_OD.c
          ODE_Device_Type   0x001000    program     extern D:\_WorkSpace\GitHub\PIC18F_CANopen\Src\CO_OD.c
     ODE_Emergency_COB_ID   0x001026    program     extern D:\_WorkSpace\GitHub\PIC18F_CANopen\Src\CO_OD.c
       ODE_Error_Behavior   0x001050    program     extern D:\_WorkSpace\GitHub\PIC18F_CANopen\Src\CO_OD.c
             ODE_Identity   0x00103f    program     extern D:\_WorkSpace\GitHub\PIC18F_CANopen\Src\CO_OD.c
ODE_Inhibit_Time_Emergency   0x00102a    program     extern D:\_WorkSpace\GitHub\PIC18F_CANopen\Src\CO_OD.c
ODE_Manufacturer_Device_Name   0x001010    program     extern D:\_WorkSpace\GitHub\PIC18F_CANopen\Src\CO_OD.c
ODE_Manufacturer_Hardware_Version   0x00101c    program     extern D:\_WorkSpace\GitHub\PIC18F_CANopen\Src\CO_OD.c
ODE_Manufacturer_Software_Version   0x001021    program     extern D:\_WorkSpace\GitHub\PIC18F_CANopen\Src\CO_OD.c
          ODE_NMT_Startup   0x001198    program     extern D:\_WorkSpace\GitHub\PIC18F_CANopen\Src\CO_OD.c
ODE_Producer_Heartbeat_Time   0x00103d    program     extern D:\_WorkSpace\GitHub\PIC18F_CANopen\Src\CO_OD.c
         ODE_RPDO_Mapping   0x001072    program     extern D:\_WorkSpace\GitHub\PIC18F_CANopen\Src\CO_OD.c
ODE_RPDO_Mapping_NoOfEntries   0x001071    program     extern D:\_WorkSpace\GitHub\PIC18F_CANopen\Src\CO_OD.c
       ODE_RPDO_Parameter   0x00105d    program     extern D:\_WorkSpace\GitHub\PIC18F_CANopen\Src\CO_OD.c
ODE_RPDO_Parameter_NoOfEntries   0x00105c    program     extern D:\_WorkSpace\GitHub\PIC18F_CANopen\Src\CO_OD.c
ODE_Read_Analog_Input_NoOfEntries   0x0011a2    program     extern D:\_WorkSpace\GitHub\PIC18F_CANopen\Src\CO_OD.c
ODE_Read_Digital_Input_NoOfEntries   0x0011a0    program     extern D:\_WorkSpace\GitHub\PIC18F_CANopen\Src\CO_OD.c
          ODE_SYNC_COB_ID   0x001004    program     extern D:\_WorkSpace\GitHub\PIC18F_CANopen\Src\CO_OD.c
 ODE_Server_SDO_Parameter   0x001053    program     extern D:\_WorkSpace\GitHub\PIC18F_CANopen\Src\CO_OD.c
ODE_Server_SDO_Parameter_NoOfEntries   0x001052    program     extern D:\_WorkSpace\GitHub\PIC18F_CANopen\Src\CO_OD.c
ODE_Synchronous_Window_Length   0x00100c    program     extern D:\_WorkSpace\GitHub\PIC18F_CANopen\Src\CO_OD.c
         ODE_TPDO_Mapping   0x001118    program     extern D:\_WorkSpace\GitHub\PIC18F_CANopen\Src\CO_OD.c
ODE_TPDO_Mapping_NoOfEntries   0x001117    program     extern D:\_WorkSpace\GitHub\PIC18F_CANopen\Src\CO_OD.c
       ODE_TPDO_Parameter   0x0010f3    program     extern D:\_WorkSpace\GitHub\PIC18F_CANopen\Src\CO_OD.c
ODE_TPDO_Parameter_NoOfEntries   0x0010f2    program     extern D:\_WorkSpace\GitHub\PIC18F_CANopen\Src\CO_OD.c
ODE_Write_Analog_Output_NoOfEntries   0x0011a3    program     extern D:\_WorkSpace\GitHub\PIC18F_CANopen\Src\CO_OD.c
ODE_Write_Digital_Output_NoOfEntries   0x0011a1    program     extern D:\_WorkSpace\GitHub\PIC18F_CANopen\Src\CO_OD.c
            SwitchOffNode   0x003eae    program     extern D:\_WorkSpace\GitHub\PIC18F_CANopen\Src\user.c
                User_Init   0x003ec4    program     extern D:\_WorkSpace\GitHub\PIC18F_CANopen\Src\user.c
       User_Process1msIsr   0x003f08    program     extern D:\_WorkSpace\GitHub\PIC18F_CANopen\Src\user.c
         User_ProcessMain   0x003f06    program     extern D:\_WorkSpace\GitHub\PIC18F_CANopen\Src\user.c
              User_Remove   0x003f00    program     extern D:\_WorkSpace\GitHub\PIC18F_CANopen\Src\user.c
           User_ResetComm   0x003f02    program     extern D:\_WorkSpace\GitHub\PIC18F_CANopen\Src\user.c
              _3jContinue   0x004562    program     static C:\MCC18\src\traditional\stdclib\mcpyp2r.asm
              _4jContinue   0x00450e    program     static C:\MCC18\src\traditional\stdclib\memcpy.asm
                   _4jEnd   0x00456c    program     static C:\MCC18\src\traditional\stdclib\mcpyp2r.asm
                   _5jEnd   0x004518    program     static C:\MCC18\src\traditional\stdclib\memcpy.asm
       ___case_0_lbl00212   0x002d96    program     static                          
     ___case_127_lbl00279   0x0037b4    program     static                          
     ___case_128_lbl00157   0x0028cc    program     static                          
     ___case_129_lbl00158   0x0028d4    program     static                          
     ___case_130_lbl00159   0x0028d8    program     static                          
       ___case_1_lbl00155   0x0028bc    program     static                          
       ___case_1_lbl00190   0x002b12    program     static                          
       ___case_1_lbl00198   0x002b90    program     static                          
       ___case_2_lbl00156   0x0028c4    program     static                          
       ___case_2_lbl00191   0x002b14    program     static                          
       ___case_2_lbl00220   0x002f38    program     static                          
       ___case_3_lbl00233   0x0031e0    program     static                          
       ___case_4_lbl00246   0x00333a    program     static                          
       ___case_4_lbl00278   0x0037a2    program     static                          
       ___case_5_lbl00280   0x0037c6    program     static                          
      ___default_lbl00160   0x0028e2    program     static                          
      ___default_lbl00192   0x002b1c    program     static                          
      ___default_lbl00247   0x003340    program     static                          
         ___else_lbl00007   0x004294    program     static                          
         ___else_lbl00011   0x0042ee    program     static                          
         ___else_lbl00040   0x000424    program     static                          
         ___else_lbl00164   0x002910    program     static                          
         ___else_lbl00166   0x002922    program     static                          
         ___else_lbl00168   0x002934    program     static                          
         ___else_lbl00170   0x002946    program     static                          
         ___else_lbl00172   0x002956    program     static                          
         ___else_lbl00174   0x002968    program     static                          
         ___else_lbl00176   0x00297a    program     static                          
         ___else_lbl00204   0x002ca0    program     static                          
         ___else_lbl00206   0x002cea    program     static                          
         ___else_lbl00210   0x002d04    program     static                          
         ___else_lbl00217   0x002f18    program     static                          
         ___else_lbl00219   0x002f08    program     static                          
         ___else_lbl00223   0x002f88    program     static                          
         ___else_lbl00227   0x0030b2    program     static                          
         ___else_lbl00229   0x00319e    program     static                          
         ___else_lbl00231   0x003112    program     static                          
         ___else_lbl00243   0x003326    program     static                          
         ___else_lbl00245   0x003316    program     static                          
         ___else_lbl00252   0x0033aa    program     static                          
         ___else_lbl00260   0x0035c6    program     static                          
         ___else_lbl00262   0x0034f2    program     static                          
         ___else_lbl00270   0x003658    program     static                          
         ___else_lbl00274   0x00378a    program     static                          
         ___else_lbl00284   0x003862    program     static                          
         ___else_lbl00286   0x00384a    program     static                          
         ___else_lbl00288   0x003820    program     static                          
         ___else_lbl00290   0x003808    program     static                          
         ___else_lbl00292   0x0037f0    program     static                          
          ___for_lbl00008   0x0042f6    program     static                          
          ___for_lbl00009   0x0042fc    program     static                          
          ___for_lbl00013   0x0042a2    program     static                          
          ___for_lbl00181   0x002a88    program     static                          
          ___for_lbl00182   0x002a8e    program     static                          
          ___for_lbl00183   0x002a34    program     static                          
          ___for_lbl00236   0x0032ae    program     static                          
          ___for_lbl00237   0x0032b4    program     static                          
          ___for_lbl00238   0x00327a    program     static                          
          ___for_lbl00239   0x0032cc    program     static                          
          ___for_lbl00240   0x0032d2    program     static                          
          ___for_lbl00241   0x0032b4    program     static                          
          ___for_lbl00254   0x003650    program     static                          
          ___for_lbl00255   0x003656    program     static                          
          ___for_lbl00265   0x0033ce    program     static                          
          ___for_lbl00266   0x0036d6    program     static                          
          ___for_lbl00267   0x0036dc    program     static                          
          ___for_lbl00268   0x00365c    program     static                          
           ___if_lbl00003   0x0041e8    program     static                          
           ___if_lbl00006   0x004296    program     static                          
           ___if_lbl00010   0x0042f0    program     static                          
           ___if_lbl00012   0x0042f6    program     static                          
           ___if_lbl00039   0x00042c    program     static                          
           ___if_lbl00161   0x0028f4    program     static                          
           ___if_lbl00162   0x0028f8    program     static                          
           ___if_lbl00163   0x002914    program     static                          
           ___if_lbl00165   0x002926    program     static                          
           ___if_lbl00167   0x002938    program     static                          
           ___if_lbl00169   0x00294a    program     static                          
           ___if_lbl00171   0x00295a    program     static                          
           ___if_lbl00173   0x00296c    program     static                          
           ___if_lbl00175   0x00297e    program     static                          
           ___if_lbl00179   0x002a14    program     static                          
           ___if_lbl00180   0x002a2c    program     static                          
           ___if_lbl00184   0x002ada    program     static                          
           ___if_lbl00185   0x002ada    program     static                          
           ___if_lbl00186   0x002ada    program     static                          
           ___if_lbl00188   0x002af6    program     static                          
           ___if_lbl00193   0x002b22    program     static                          
           ___if_lbl00194   0x002b22    program     static                          
           ___if_lbl00199   0x002bdc    program     static                          
           ___if_lbl00200   0x002c1e    program     static                          
           ___if_lbl00202   0x002c7c    program     static                          
           ___if_lbl00203   0x002ca6    program     static                          
           ___if_lbl00205   0x002cf0    program     static                          
           ___if_lbl00207   0x002d72    program     static                          
           ___if_lbl00208   0x002d94    program     static                          
           ___if_lbl00209   0x002d94    program     static                          
           ___if_lbl00211   0x002dc6    program     static                          
           ___if_lbl00213   0x002e00    program     static                          
           ___if_lbl00214   0x002e60    program     static                          
           ___if_lbl00215   0x002f02    program     static                          
           ___if_lbl00216   0x002f1c    program     static                          
           ___if_lbl00218   0x002f1c    program     static                          
           ___if_lbl00221   0x002fca    program     static                          
           ___if_lbl00222   0x002fca    program     static                          
           ___if_lbl00224   0x00300e    program     static                          
           ___if_lbl00225   0x0030da    program     static                          
           ___if_lbl00226   0x003110    program     static                          
           ___if_lbl00228   0x0031de    program     static                          
           ___if_lbl00230   0x0031de    program     static                          
           ___if_lbl00232   0x003210    program     static                          
           ___if_lbl00234   0x00324a    program     static                          
           ___if_lbl00235   0x003276    program     static                          
           ___if_lbl00242   0x00332a    program     static                          
           ___if_lbl00244   0x00332a    program     static                          
           ___if_lbl00248   0x00336c    program     static                          
           ___if_lbl00249   0x0033a8    program     static                          
           ___if_lbl00250   0x0033a8    program     static                          
           ___if_lbl00251   0x0033b2    program     static                          
           ___if_lbl00256   0x0034d2    program     static                          
           ___if_lbl00257   0x0035c4    program     static                          
           ___if_lbl00258   0x00361e    program     static                          
           ___if_lbl00259   0x00361e    program     static                          
           ___if_lbl00261   0x00361e    program     static                          
           ___if_lbl00263   0x003650    program     static                          
           ___if_lbl00264   0x003650    program     static                          
           ___if_lbl00269   0x0036e0    program     static                          
           ___if_lbl00273   0x003790    program     static                          
           ___if_lbl00275   0x003790    program     static                          
           ___if_lbl00276   0x003790    program     static                          
           ___if_lbl00283   0x003872    program     static                          
           ___if_lbl00285   0x003872    program     static                          
           ___if_lbl00287   0x003872    program     static                          
           ___if_lbl00289   0x003872    program     static                          
           ___if_lbl00291   0x003872    program     static                          
       ___return_lbl00000   0x000ff6    program     static                          
       ___return_lbl00000   0x004318    program     static                          
       ___return_lbl00000   0x000004    program     static                          
       ___return_lbl00000   0x0045e4    program     static                          
       ___return_lbl00000   0x00462c    program     static                          
       ___return_lbl00001   0x0046b0    program     static                          
       ___return_lbl00002   0x0044d8    program     static                          
       ___return_lbl00004   0x00000c    program     static                          
       ___return_lbl00005   0x000022    program     static                          
       ___return_lbl00006   0x00443a    program     static                          
       ___return_lbl00038   0x0004d4    program     static                          
       ___return_lbl00152   0x003872    program     static                          
   ___switchexit_lbl00154   0x0028f4    program     static                          
   ___switchexit_lbl00189   0x002b22    program     static                          
   ___switchexit_lbl00197   0x003368    program     static                          
   ___switchexit_lbl00277   0x0037d8    program     static                          
        ___while_lbl00001   0x004170    program     static                          
        ___while_lbl00002   0x004318    program     static                          
        ___while_lbl00004   0x004260    program     static                          
        ___while_lbl00005   0x004264    program     static                          
        ___while_lbl00007   0x00442c    program     static                          
        ___while_lbl00008   0x00443a    program     static                          
                   __init   0x000006    program     extern C:\MCC18\src\traditional\stdclib\__init.c
              __tmplbl_38   0x0028a2    program     static                          
              __tmplbl_39   0x002898    program     static                          
              __tmplbl_40   0x002990    program     static                          
              __tmplbl_41   0x002986    program     static                          
              __tmplbl_42   0x0029e6    program     static                          
              __tmplbl_43   0x0029a0    program     static                          
              __tmplbl_44   0x002ae8    program     static                          
              __tmplbl_45   0x002ae0    program     static                          
              __tmplbl_46   0x002b36    program     static                          
              __tmplbl_47   0x002b2a    program     static                          
              __tmplbl_48   0x002b52    program     static                          
              __tmplbl_49   0x002b44    program     static                          
              __tmplbl_50   0x002c52    program     static                          
              __tmplbl_51   0x002c38    program     static                          
              __tmplbl_52   0x002d46    program     static                          
              __tmplbl_53   0x0033ca    program     static                          
              __tmplbl_54   0x0033c0    program     static                          
              __tmplbl_55   0x003730    program     static                          
              __tmplbl_56   0x00372a    program     static                          
              __tmplbl_57   0x0036fe    program     static                          
              __tmplbl_58   0x003838    program     static                          
              __tmplbl_59   0x003830    program     static                          
              __tmplbl_60   0x003828    program     static                          
            __zero_memory   0x0046b2    program     extern C:\MCC18\src\traditional\proc\p18F4585.asm
                _do_cinit   0x00443c    program     extern C:\MCC18\src\traditional\startup\c018i.c
                   _entry   0x000000    program     extern C:\MCC18\src\traditional\startup\c018i.c
                   _false   0x004628    program     static                          
                 _startup   0x004696    program     extern C:\MCC18\src\traditional\startup\c018i.c
               clear_loop   0x0046b8    program     static C:\MCC18\src\traditional\proc\p18F4585.asm
                copy_loop   0x0044ae    program     static                          
            copy_one_byte   0x0044b4    program     static                          
                     done   0x0044d8    program     static                          
             done_copying   0x0044c2    program     static                          
                  endloop   0x000ff2    program     static                          
           interrupt_high   0x000008    program     extern D:\_WorkSpace\GitHub\PIC18F_CANopen\CANopen\PIC18_with_Microchip_C18\main.c
            interrupt_low   0x000018    program     extern D:\_WorkSpace\GitHub\PIC18F_CANopen\CANopen\PIC18_with_Microchip_C18\main.c
                     jEnd   0x004574    program     static C:\MCC18\src\traditional\stdclib\mcpyp2r.asm
                     jEnd   0x00451e    program     static C:\MCC18\src\traditional\stdclib\memcpy.asm
                    jLoop   0x004502    program     static C:\MCC18\src\traditional\stdclib\memcpy.asm
                    jLoop   0x004556    program     static C:\MCC18\src\traditional\stdclib\mcpyp2r.asm
                     loop   0x0046a6    program     static                          
                     loop   0x0045f4    program     static                          
                     loop   0x000fd6    program     static                          
                     main   0x00440a    program     extern D:\_WorkSpace\GitHub\PIC18F_CANopen\CANopen\PIC18_with_Microchip_C18\main.c
                   memcpy   0x0044da    program     extern C:\MCC18\src\traditional\stdclib\memcpy.asm
            memcpypgm2ram   0x004530    program     extern C:\MCC18\src\traditional\stdclib\mcpyp2r.asm
          memcpyram2flash   0x00412e    program     extern D:\_WorkSpace\GitHub\PIC18F_CANopen\CANopen\PIC18_with_Microchip_C18\memcpyram2flash.c
                     test   0x004456    program     static                          
                   ADCON0   0x000fc2       data     extern C:\MCC18\src\traditional\proc\p18F4585.asm
               ADCON0bits   0x000fc2       data     extern C:\MCC18\src\traditional\proc\p18F4585.asm
                   ADCON1   0x000fc1       data     extern C:\MCC18\src\traditional\proc\p18F4585.asm
               ADCON1bits   0x000fc1       data     extern C:\MCC18\src\traditional\proc\p18F4585.asm
                   ADCON2   0x000fc0       data     extern C:\MCC18\src\traditional\proc\p18F4585.asm
               ADCON2bits   0x000fc0       data     extern C:\MCC18\src\traditional\proc\p18F4585.asm
                    ADRES   0x000fc3       data     extern C:\MCC18\src\traditional\proc\p18F4585.asm
                   ADRESH   0x000fc4       data     extern C:\MCC18\src\traditional\proc\p18F4585.asm
                   ADRESL   0x000fc3       data     extern C:\MCC18\src\traditional\proc\p18F4585.asm
                    B0CON   0x000e20       data     extern C:\MCC18\src\traditional\proc\p18F4585.asm
                B0CONbits   0x000e20       data     extern C:\MCC18\src\traditional\proc\p18F4585.asm
                     B0D0   0x000e26       data     extern C:\MCC18\src\traditional\proc\p18F4585.asm
                 B0D0bits   0x000e26       data     extern C:\MCC18\src\traditional\proc\p18F4585.asm
                     B0D1   0x000e27       data     extern C:\MCC18\src\traditional\proc\p18F4585.asm
                 B0D1bits   0x000e27       data     extern C:\MCC18\src\traditional\proc\p18F4585.asm
                     B0D2   0x000e28       data     extern C:\MCC18\src\traditional\proc\p18F4585.asm
                 B0D2bits   0x000e28       data     extern C:\MCC18\src\traditional\proc\p18F4585.asm
                     B0D3   0x000e29       data     extern C:\MCC18\src\traditional\proc\p18F4585.asm
                 B0D3bits   0x000e29       data     extern C:\MCC18\src\traditional\proc\p18F4585.asm
                     B0D4   0x000e2a       data     extern C:\MCC18\src\traditional\proc\p18F4585.asm
                 B0D4bits   0x000e2a       data     extern C:\MCC18\src\traditional\proc\p18F4585.asm
                     B0D5   0x000e2b       data     extern C:\MCC18\src\traditional\proc\p18F4585.asm
                 B0D5bits   0x000e2b       data     extern C:\MCC18\src\traditional\proc\p18F4585.asm
                     B0D6   0x000e2c       data     extern C:\MCC18\src\traditional\proc\p18F4585.asm
                 B0D6bits   0x000e2c       data     extern C:\MCC18\src\traditional\proc\p18F4585.asm
                     B0D7   0x000e2d       data     extern C:\MCC18\src\traditional\proc\p18F4585.asm
                 B0D7bits   0x000e2d       data     extern C:\MCC18\src\traditional\proc\p18F4585.asm
                    B0DLC   0x000e25       data     extern C:\MCC18\src\traditional\proc\p18F4585.asm
                B0DLCbits   0x000e25       data     extern C:\MCC18\src\traditional\proc\p18F4585.asm
                   B0EIDH   0x000e23       data     extern C:\MCC18\src\traditional\proc\p18F4585.asm
               B0EIDHbits   0x000e23       data     extern C:\MCC18\src\traditional\proc\p18F4585.asm
                   B0EIDL   0x000e24       data     extern C:\MCC18\src\traditional\proc\p18F4585.asm
               B0EIDLbits   0x000e24       data     extern C:\MCC18\src\traditional\proc\p18F4585.asm
                   B0SIDH   0x000e21       data     extern C:\MCC18\src\traditional\proc\p18F4585.asm
               B0SIDHbits   0x000e21       data     extern C:\MCC18\src\traditional\proc\p18F4585.asm
                   B0SIDL   0x000e22       data     extern C:\MCC18\src\traditional\proc\p18F4585.asm
               B0SIDLbits   0x000e22       data     extern C:\MCC18\src\traditional\proc\p18F4585.asm
                    B1CON   0x000e30       data     extern C:\MCC18\src\traditional\proc\p18F4585.asm
                B1CONbits   0x000e30       data     extern C:\MCC18\src\traditional\proc\p18F4585.asm
                     B1D0   0x000e36       data     extern C:\MCC18\src\traditional\proc\p18F4585.asm
                 B1D0bits   0x000e36       data     extern C:\MCC18\src\traditional\proc\p18F4585.asm
                     B1D1   0x000e37       data     extern C:\MCC18\src\traditional\proc\p18F4585.asm
                 B1D1bits   0x000e37       data     extern C:\MCC18\src\traditional\proc\p18F4585.asm
                     B1D2   0x000e38       data     extern C:\MCC18\src\traditional\proc\p18F4585.asm
                 B1D2bits   0x000e38       data     extern C:\MCC18\src\traditional\proc\p18F4585.asm
                     B1D3   0x000e39       data     extern C:\MCC18\src\traditional\proc\p18F4585.asm
                 B1D3bits   0x000e39       data     extern C:\MCC18\src\traditional\proc\p18F4585.asm
                     B1D4   0x000e3a       data     extern C:\MCC18\src\traditional\proc\p18F4585.asm
                 B1D4bits   0x000e3a       data     extern C:\MCC18\src\traditional\proc\p18F4585.asm
                     B1D5   0x000e3b       data     extern C:\MCC18\src\traditional\proc\p18F4585.asm
                 B1D5bits   0x000e3b       data     extern C:\MCC18\src\traditional\proc\p18F4585.asm
                     B1D6   0x000e3c       data     extern C:\MCC18\src\traditional\proc\p18F4585.asm
                 B1D6bits   0x000e3c       data     extern C:\MCC18\src\traditional\proc\p18F4585.asm
                     B1D7   0x000e3d       data     extern C:\MCC18\src\traditional\proc\p18F4585.asm
                 B1D7bits   0x000e3d       data     extern C:\MCC18\src\traditional\proc\p18F4585.asm
                    B1DLC   0x000e35       data     extern C:\MCC18\src\traditional\proc\p18F4585.asm
                B1DLCbits   0x000e35       data     extern C:\MCC18\src\traditional\proc\p18F4585.asm
                   B1EIDH   0x000e33       data     extern C:\MCC18\src\traditional\proc\p18F4585.asm
               B1EIDHbits   0x000e33       data     extern C:\MCC18\src\traditional\proc\p18F4585.asm
                   B1EIDL   0x000e34       data     extern C:\MCC18\src\traditional\proc\p18F4585.asm
               B1EIDLbits   0x000e34       data     extern C:\MCC18\src\traditional\proc\p18F4585.asm
                   B1SIDH   0x000e31       data     extern C:\MCC18\src\traditional\proc\p18F4585.asm
               B1SIDHbits   0x000e31       data     extern C:\MCC18\src\traditional\proc\p18F4585.asm
                   B1SIDL   0x000e32       data     extern C:\MCC18\src\traditional\proc\p18F4585.asm
               B1SIDLbits   0x000e32       data     extern C:\MCC18\src\traditional\proc\p18F4585.asm
                    B2CON   0x000e40       data     extern C:\MCC18\src\traditional\proc\p18F4585.asm
                B2CONbits   0x000e40       data     extern C:\MCC18\src\traditional\proc\p18F4585.asm
                     B2D0   0x000e46       data     extern C:\MCC18\src\traditional\proc\p18F4585.asm
                 B2D0bits   0x000e46       data     extern C:\MCC18\src\traditional\proc\p18F4585.asm
                     B2D1   0x000e47       data     extern C:\MCC18\src\traditional\proc\p18F4585.asm
                 B2D1bits   0x000e47       data     extern C:\MCC18\src\traditional\proc\p18F4585.asm
                     B2D2   0x000e48       data     extern C:\MCC18\src\traditional\proc\p18F4585.asm
                 B2D2bits   0x000e48       data     extern C:\MCC18\src\traditional\proc\p18F4585.asm
                     B2D3   0x000e49       data     extern C:\MCC18\src\traditional\proc\p18F4585.asm
                 B2D3bits   0x000e49       data     extern C:\MCC18\src\traditional\proc\p18F4585.asm
                     B2D4   0x000e4a       data     extern C:\MCC18\src\traditional\proc\p18F4585.asm
                 B2D4bits   0x000e4a       data     extern C:\MCC18\src\traditional\proc\p18F4585.asm
                     B2D5   0x000e4b       data     extern C:\MCC18\src\traditional\proc\p18F4585.asm
                 B2D5bits   0x000e4b       data     extern C:\MCC18\src\traditional\proc\p18F4585.asm
                     B2D6   0x000e4c       data     extern C:\MCC18\src\traditional\proc\p18F4585.asm
                 B2D6bits   0x000e4c       data     extern C:\MCC18\src\traditional\proc\p18F4585.asm
                     B2D7   0x000e4d       data     extern C:\MCC18\src\traditional\proc\p18F4585.asm
                 B2D7bits   0x000e4d       data     extern C:\MCC18\src\traditional\proc\p18F4585.asm
                    B2DLC   0x000e45       data     extern C:\MCC18\src\traditional\proc\p18F4585.asm
                B2DLCbits   0x000e45       data     extern C:\MCC18\src\traditional\proc\p18F4585.asm
                   B2EIDH   0x000e43       data     extern C:\MCC18\src\traditional\proc\p18F4585.asm
               B2EIDHbits   0x000e43       data     extern C:\MCC18\src\traditional\proc\p18F4585.asm
                   B2EIDL   0x000e44       data     extern C:\MCC18\src\traditional\proc\p18F4585.asm
               B2EIDLbits   0x000e44       data     extern C:\MCC18\src\traditional\proc\p18F4585.asm
                   B2SIDH   0x000e41       data     extern C:\MCC18\src\traditional\proc\p18F4585.asm
               B2SIDHbits   0x000e41       data     extern C:\MCC18\src\traditional\proc\p18F4585.asm
                   B2SIDL   0x000e42       data     extern C:\MCC18\src\traditional\proc\p18F4585.asm
               B2SIDLbits   0x000e42       data     extern C:\MCC18\src\traditional\proc\p18F4585.asm
                    B3CON   0x000e50       data     extern C:\MCC18\src\traditional\proc\p18F4585.asm
                B3CONbits   0x000e50       data     extern C:\MCC18\src\traditional\proc\p18F4585.asm
                     B3D0   0x000e56       data     extern C:\MCC18\src\traditional\proc\p18F4585.asm
                 B3D0bits   0x000e56       data     extern C:\MCC18\src\traditional\proc\p18F4585.asm
                     B3D1   0x000e57       data     extern C:\MCC18\src\traditional\proc\p18F4585.asm
                 B3D1bits   0x000e57       data     extern C:\MCC18\src\traditional\proc\p18F4585.asm
                     B3D2   0x000e58       data     extern C:\MCC18\src\traditional\proc\p18F4585.asm
                 B3D2bits   0x000e58       data     extern C:\MCC18\src\traditional\proc\p18F4585.asm
                     B3D3   0x000e59       data     extern C:\MCC18\src\traditional\proc\p18F4585.asm
                 B3D3bits   0x000e59       data     extern C:\MCC18\src\traditional\proc\p18F4585.asm
                     B3D4   0x000e5a       data     extern C:\MCC18\src\traditional\proc\p18F4585.asm
                 B3D4bits   0x000e5a       data     extern C:\MCC18\src\traditional\proc\p18F4585.asm
                     B3D5   0x000e5b       data     extern C:\MCC18\src\traditional\proc\p18F4585.asm
                 B3D5bits   0x000e5b       data     extern C:\MCC18\src\traditional\proc\p18F4585.asm
                     B3D6   0x000e5c       data     extern C:\MCC18\src\traditional\proc\p18F4585.asm
                 B3D6bits   0x000e5c       data     extern C:\MCC18\src\traditional\proc\p18F4585.asm
                     B3D7   0x000e5d       data     extern C:\MCC18\src\traditional\proc\p18F4585.asm
                 B3D7bits   0x000e5d       data     extern C:\MCC18\src\traditional\proc\p18F4585.asm
                    B3DLC   0x000e55       data     extern C:\MCC18\src\traditional\proc\p18F4585.asm
                B3DLCbits   0x000e55       data     extern C:\MCC18\src\traditional\proc\p18F4585.asm
                   B3EIDH   0x000e53       data     extern C:\MCC18\src\traditional\proc\p18F4585.asm
               B3EIDHbits   0x000e53       data     extern C:\MCC18\src\traditional\proc\p18F4585.asm
                   B3EIDL   0x000e54       data     extern C:\MCC18\src\traditional\proc\p18F4585.asm
               B3EIDLbits   0x000e54       data     extern C:\MCC18\src\traditional\proc\p18F4585.asm
                   B3SIDH   0x000e51       data     extern C:\MCC18\src\traditional\proc\p18F4585.asm
               B3SIDHbits   0x000e51       data     extern C:\MCC18\src\traditional\proc\p18F4585.asm
                   B3SIDL   0x000e52       data     extern C:\MCC18\src\traditional\proc\p18F4585.asm
               B3SIDLbits   0x000e52       data     extern C:\MCC18\src\traditional\proc\p18F4585.asm
                    B4CON   0x000e60       data     extern C:\MCC18\src\traditional\proc\p18F4585.asm
                B4CONbits   0x000e60       data     extern C:\MCC18\src\traditional\proc\p18F4585.asm
                     B4D0   0x000e66       data     extern C:\MCC18\src\traditional\proc\p18F4585.asm
                 B4D0bits   0x000e66       data     extern C:\MCC18\src\traditional\proc\p18F4585.asm
                     B4D1   0x000e67       data     extern C:\MCC18\src\traditional\proc\p18F4585.asm
                 B4D1bits   0x000e67       data     extern C:\MCC18\src\traditional\proc\p18F4585.asm
                     B4D2   0x000e68       data     extern C:\MCC18\src\traditional\proc\p18F4585.asm
                 B4D2bits   0x000e68       data     extern C:\MCC18\src\traditional\proc\p18F4585.asm
                     B4D3   0x000e69       data     extern C:\MCC18\src\traditional\proc\p18F4585.asm
                 B4D3bits   0x000e69       data     extern C:\MCC18\src\traditional\proc\p18F4585.asm
                     B4D4   0x000e6a       data     extern C:\MCC18\src\traditional\proc\p18F4585.asm
                 B4D4bits   0x000e6a       data     extern C:\MCC18\src\traditional\proc\p18F4585.asm
                     B4D5   0x000e6b       data     extern C:\MCC18\src\traditional\proc\p18F4585.asm
                 B4D5bits   0x000e6b       data     extern C:\MCC18\src\traditional\proc\p18F4585.asm
                     B4D6   0x000e6c       data     extern C:\MCC18\src\traditional\proc\p18F4585.asm
                 B4D6bits   0x000e6c       data     extern C:\MCC18\src\traditional\proc\p18F4585.asm
                     B4D7   0x000e6d       data     extern C:\MCC18\src\traditional\proc\p18F4585.asm
                 B4D7bits   0x000e6d       data     extern C:\MCC18\src\traditional\proc\p18F4585.asm
                    B4DLC   0x000e65       data     extern C:\MCC18\src\traditional\proc\p18F4585.asm
                B4DLCbits   0x000e65       data     extern C:\MCC18\src\traditional\proc\p18F4585.asm
                   B4EIDH   0x000e63       data     extern C:\MCC18\src\traditional\proc\p18F4585.asm
               B4EIDHbits   0x000e63       data     extern C:\MCC18\src\traditional\proc\p18F4585.asm
                   B4EIDL   0x000e64       data     extern C:\MCC18\src\traditional\proc\p18F4585.asm
               B4EIDLbits   0x000e64       data     extern C:\MCC18\src\traditional\proc\p18F4585.asm
                   B4SIDH   0x000e61       data     extern C:\MCC18\src\traditional\proc\p18F4585.asm
               B4SIDHbits   0x000e61       data     extern C:\MCC18\src\traditional\proc\p18F4585.asm
                   B4SIDL   0x000e62       data     extern C:\MCC18\src\traditional\proc\p18F4585.asm
               B4SIDLbits   0x000e62       data     extern C:\MCC18\src\traditional\proc\p18F4585.asm
                    B5CON   0x000e70       data     extern C:\MCC18\src\traditional\proc\p18F4585.asm
                B5CONbits   0x000e70       data     extern C:\MCC18\src\traditional\proc\p18F4585.asm
                     B5D0   0x000e76       data     extern C:\MCC18\src\traditional\proc\p18F4585.asm
                 B5D0bits   0x000e76       data     extern C:\MCC18\src\traditional\proc\p18F4585.asm
                     B5D1   0x000e77       data     extern C:\MCC18\src\traditional\proc\p18F4585.asm
                 B5D1bits   0x000e77       data     extern C:\MCC18\src\traditional\proc\p18F4585.asm
                     B5D2   0x000e78       data     extern C:\MCC18\src\traditional\proc\p18F4585.asm
                 B5D2bits   0x000e78       data     extern C:\MCC18\src\traditional\proc\p18F4585.asm
                     B5D3   0x000e79       data     extern C:\MCC18\src\traditional\proc\p18F4585.asm
                 B5D3bits   0x000e79       data     extern C:\MCC18\src\traditional\proc\p18F4585.asm
                     B5D4   0x000e7a       data     extern C:\MCC18\src\traditional\proc\p18F4585.asm
                 B5D4bits   0x000e7a       data     extern C:\MCC18\src\traditional\proc\p18F4585.asm
                     B5D5   0x000e7b       data     extern C:\MCC18\src\traditional\proc\p18F4585.asm
                 B5D5bits   0x000e7b       data     extern C:\MCC18\src\traditional\proc\p18F4585.asm
                     B5D6   0x000e7c       data     extern C:\MCC18\src\traditional\proc\p18F4585.asm
                 B5D6bits   0x000e7c       data     extern C:\MCC18\src\traditional\proc\p18F4585.asm
                     B5D7   0x000e7d       data     extern C:\MCC18\src\traditional\proc\p18F4585.asm
                 B5D7bits   0x000e7d       data     extern C:\MCC18\src\traditional\proc\p18F4585.asm
                    B5DLC   0x000e75       data     extern C:\MCC18\src\traditional\proc\p18F4585.asm
                B5DLCbits   0x000e75       data     extern C:\MCC18\src\traditional\proc\p18F4585.asm
                   B5EIDH   0x000e73       data     extern C:\MCC18\src\traditional\proc\p18F4585.asm
               B5EIDHbits   0x000e73       data     extern C:\MCC18\src\traditional\proc\p18F4585.asm
                   B5EIDL   0x000e74       data     extern C:\MCC18\src\traditional\proc\p18F4585.asm
               B5EIDLbits   0x000e74       data     extern C:\MCC18\src\traditional\proc\p18F4585.asm
                   B5SIDH   0x000e71       data     extern C:\MCC18\src\traditional\proc\p18F4585.asm
               B5SIDHbits   0x000e71       data     extern C:\MCC18\src\traditional\proc\p18F4585.asm
                   B5SIDL   0x000e72       data     extern C:\MCC18\src\traditional\proc\p18F4585.asm
               B5SIDLbits   0x000e72       data     extern C:\MCC18\src\traditional\proc\p18F4585.asm
                  BAUDCON   0x000fb8       data     extern C:\MCC18\src\traditional\proc\p18F4585.asm
              BAUDCONbits   0x000fb8       data     extern C:\MCC18\src\traditional\proc\p18F4585.asm
                     BIE0   0x000dfa       data     extern C:\MCC18\src\traditional\proc\p18F4585.asm
                 BIE0bits   0x000dfa       data     extern C:\MCC18\src\traditional\proc\p18F4585.asm
                  BRGCON1   0x000f70       data     extern C:\MCC18\src\traditional\proc\p18F4585.asm
              BRGCON1bits   0x000f70       data     extern C:\MCC18\src\traditional\proc\p18F4585.asm
                  BRGCON2   0x000f71       data     extern C:\MCC18\src\traditional\proc\p18F4585.asm
              BRGCON2bits   0x000f71       data     extern C:\MCC18\src\traditional\proc\p18F4585.asm
                  BRGCON3   0x000f72       data     extern C:\MCC18\src\traditional\proc\p18F4585.asm
              BRGCON3bits   0x000f72       data     extern C:\MCC18\src\traditional\proc\p18F4585.asm
                    BSEL0   0x000df8       data     extern C:\MCC18\src\traditional\proc\p18F4585.asm
                BSEL0bits   0x000df8       data     extern C:\MCC18\src\traditional\proc\p18F4585.asm
                      BSR   0x000fe0       data     extern C:\MCC18\src\traditional\proc\p18F4585.asm
                   CANCON   0x000f6f       data     extern C:\MCC18\src\traditional\proc\p18F4585.asm
               CANCON_RO0   0x000f5f       data     extern C:\MCC18\src\traditional\proc\p18F4585.asm
           CANCON_RO0bits   0x000f5f       data     extern C:\MCC18\src\traditional\proc\p18F4585.asm
               CANCON_RO1   0x000f4f       data     extern C:\MCC18\src\traditional\proc\p18F4585.asm
           CANCON_RO1bits   0x000f4f       data     extern C:\MCC18\src\traditional\proc\p18F4585.asm
               CANCON_RO2   0x000f3f       data     extern C:\MCC18\src\traditional\proc\p18F4585.asm
           CANCON_RO2bits   0x000f3f       data     extern C:\MCC18\src\traditional\proc\p18F4585.asm
               CANCON_RO3   0x000f2f       data     extern C:\MCC18\src\traditional\proc\p18F4585.asm
           CANCON_RO3bits   0x000f2f       data     extern C:\MCC18\src\traditional\proc\p18F4585.asm
               CANCON_RO4   0x000e7f       data     extern C:\MCC18\src\traditional\proc\p18F4585.asm
           CANCON_RO4bits   0x000e7f       data     extern C:\MCC18\src\traditional\proc\p18F4585.asm
               CANCON_RO5   0x000e6f       data     extern C:\MCC18\src\traditional\proc\p18F4585.asm
           CANCON_RO5bits   0x000e6f       data     extern C:\MCC18\src\traditional\proc\p18F4585.asm
               CANCON_RO6   0x000e5f       data     extern C:\MCC18\src\traditional\proc\p18F4585.asm
           CANCON_RO6bits   0x000e5f       data     extern C:\MCC18\src\traditional\proc\p18F4585.asm
               CANCON_RO7   0x000e4f       data     extern C:\MCC18\src\traditional\proc\p18F4585.asm
           CANCON_RO7bits   0x000e4f       data     extern C:\MCC18\src\traditional\proc\p18F4585.asm
               CANCON_RO8   0x000e3f       data     extern C:\MCC18\src\traditional\proc\p18F4585.asm
           CANCON_RO8bits   0x000e3f       data     extern C:\MCC18\src\traditional\proc\p18F4585.asm
               CANCON_RO9   0x000e2f       data     extern C:\MCC18\src\traditional\proc\p18F4585.asm
           CANCON_RO9bits   0x000e2f       data     extern C:\MCC18\src\traditional\proc\p18F4585.asm
               CANCONbits   0x000f6f       data     extern C:\MCC18\src\traditional\proc\p18F4585.asm
                  CANSTAT   0x000f6e       data     extern C:\MCC18\src\traditional\proc\p18F4585.asm
              CANSTAT_RO0   0x000f5e       data     extern C:\MCC18\src\traditional\proc\p18F4585.asm
          CANSTAT_RO0bits   0x000f5e       data     extern C:\MCC18\src\traditional\proc\p18F4585.asm
              CANSTAT_RO1   0x000f4e       data     extern C:\MCC18\src\traditional\proc\p18F4585.asm
          CANSTAT_RO1bits   0x000f4e       data     extern C:\MCC18\src\traditional\proc\p18F4585.asm
              CANSTAT_RO2   0x000f3e       data     extern C:\MCC18\src\traditional\proc\p18F4585.asm
          CANSTAT_RO2bits   0x000f3e       data     extern C:\MCC18\src\traditional\proc\p18F4585.asm
              CANSTAT_RO3   0x000f2e       data     extern C:\MCC18\src\traditional\proc\p18F4585.asm
          CANSTAT_RO3bits   0x000f2e       data     extern C:\MCC18\src\traditional\proc\p18F4585.asm
              CANSTAT_RO4   0x000e7e       data     extern C:\MCC18\src\traditional\proc\p18F4585.asm
          CANSTAT_RO4bits   0x000e7e       data     extern C:\MCC18\src\traditional\proc\p18F4585.asm
              CANSTAT_RO5   0x000e6e       data     extern C:\MCC18\src\traditional\proc\p18F4585.asm
          CANSTAT_RO5bits   0x000e6e       data     extern C:\MCC18\src\traditional\proc\p18F4585.asm
              CANSTAT_RO6   0x000e5e       data     extern C:\MCC18\src\traditional\proc\p18F4585.asm
          CANSTAT_RO6bits   0x000e5e       data     extern C:\MCC18\src\traditional\proc\p18F4585.asm
              CANSTAT_RO7   0x000e4e       data     extern C:\MCC18\src\traditional\proc\p18F4585.asm
          CANSTAT_RO7bits   0x000e4e       data     extern C:\MCC18\src\traditional\proc\p18F4585.asm
              CANSTAT_RO8   0x000e3e       data     extern C:\MCC18\src\traditional\proc\p18F4585.asm
          CANSTAT_RO8bits   0x000e3e       data     extern C:\MCC18\src\traditional\proc\p18F4585.asm
              CANSTAT_RO9   0x000e2e       data     extern C:\MCC18\src\traditional\proc\p18F4585.asm
          CANSTAT_RO9bits   0x000e2e       data     extern C:\MCC18\src\traditional\proc\p18F4585.asm
              CANSTATbits   0x000f6e       data     extern C:\MCC18\src\traditional\proc\p18F4585.asm
                  CCP1CON   0x000fbd       data     extern C:\MCC18\src\traditional\proc\p18F4585.asm
              CCP1CONbits   0x000fbd       data     extern C:\MCC18\src\traditional\proc\p18F4585.asm
                    CCPR1   0x000fbe       data     extern C:\MCC18\src\traditional\proc\p18F4585.asm
                   CCPR1H   0x000fbf       data     extern C:\MCC18\src\traditional\proc\p18F4585.asm
                   CCPR1L   0x000fbe       data     extern C:\MCC18\src\traditional\proc\p18F4585.asm
                   CIOCON   0x000f73       data     extern C:\MCC18\src\traditional\proc\p18F4585.asm
               CIOCONbits   0x000f73       data     extern C:\MCC18\src\traditional\proc\p18F4585.asm
                    CMCON   0x000fb4       data     extern C:\MCC18\src\traditional\proc\p18F4585.asm
                CMCONbits   0x000fb4       data     extern C:\MCC18\src\traditional\proc\p18F4585.asm
                  COMSTAT   0x000f74       data     extern C:\MCC18\src\traditional\proc\p18F4585.asm
              COMSTATbits   0x000f74       data     extern C:\MCC18\src\traditional\proc\p18F4585.asm
               COMSTATold   0x0000eb       data     static D:\_WorkSpace\GitHub\PIC18F_CANopen\CANopen\PIC18_with_Microchip_C18\CO_driver.c
               CO_BitRate   0x0001fb       data     extern D:\_WorkSpace\GitHub\PIC18F_CANopen\CANopen\PIC18_with_Microchip_C18\CO_driver.c
        CO_EEPROM_pointer   0x0000e9       data     extern D:\_WorkSpace\GitHub\PIC18F_CANopen\Src\CO_OD.c
       CO_ErrorStatusBits   0x000166       data     extern D:\_WorkSpace\GitHub\PIC18F_CANopen\CANopen\CO_stack.c
CO_HBcons_AllMonitoredOperational   0x0001ed       data     extern D:\_WorkSpace\GitHub\PIC18F_CANopen\CANopen\CO_stack.c
CO_HBcons_AllMonitoredOperationalCpy   0x000197       data     extern D:\_WorkSpace\GitHub\PIC18F_CANopen\CANopen\CO_stack.c
     CO_IsrHighErrorIndex   0x00001e       data     extern D:\_WorkSpace\GitHub\PIC18F_CANopen\CANopen\PIC18_with_Microchip_C18\CO_driver.c
          CO_IsrHighIndex   0x00001d       data     extern D:\_WorkSpace\GitHub\PIC18F_CANopen\CANopen\PIC18_with_Microchip_C18\CO_driver.c
         CO_IsrHighSignal   0x00001f       data     extern D:\_WorkSpace\GitHub\PIC18F_CANopen\CANopen\PIC18_with_Microchip_C18\CO_driver.c
     CO_NMToperatingState   0x000159       data     extern D:\_WorkSpace\GitHub\PIC18F_CANopen\CANopen\CO_stack.c
                CO_NodeID   0x0001fa       data     extern D:\_WorkSpace\GitHub\PIC18F_CANopen\CANopen\PIC18_with_Microchip_C18\CO_driver.c
                 CO_RXCAN   0x000060       data     extern D:\_WorkSpace\GitHub\PIC18F_CANopen\CANopen\CO_stack.c
          CO_SDOserverVar   0x00016a       data     extern D:\_WorkSpace\GitHub\PIC18F_CANopen\CANopen\CO_stack.c
           CO_SYNCcounter   0x00015a       data     extern D:\_WorkSpace\GitHub\PIC18F_CANopen\CANopen\CO_stack.c
              CO_SYNCtime   0x00015c       data     extern D:\_WorkSpace\GitHub\PIC18F_CANopen\CANopen\CO_stack.c
            CO_SYNCwindow   0x00015e       data     extern D:\_WorkSpace\GitHub\PIC18F_CANopen\CANopen\CO_stack.c
             CO_StatusLED   0x0001ec       data     extern D:\_WorkSpace\GitHub\PIC18F_CANopen\CANopen\CO_stack.c
       CO_TPDO_EventTimer   0x00018f       data     extern D:\_WorkSpace\GitHub\PIC18F_CANopen\CANopen\CO_stack.c
     CO_TPDO_InhibitTimer   0x000187       data     extern D:\_WorkSpace\GitHub\PIC18F_CANopen\CANopen\CO_stack.c
        CO_TPDO_SyncTimer   0x000183       data     extern D:\_WorkSpace\GitHub\PIC18F_CANopen\CANopen\CO_stack.c
                 CO_TXCAN   0x000100       data     extern D:\_WorkSpace\GitHub\PIC18F_CANopen\CANopen\CO_stack.c
            CO_TXCANcount   0x000158       data     extern D:\_WorkSpace\GitHub\PIC18F_CANopen\CANopen\CO_stack.c
         CO_Timer16bit1ms   0x0001e8       data     extern D:\_WorkSpace\GitHub\PIC18F_CANopen\CANopen\CO_stack.c
 CO_Timer1msIsr_executing   0x0001eb       data     extern D:\_WorkSpace\GitHub\PIC18F_CANopen\CANopen\CO_stack.c
        CO_Timer8bit100ms   0x0001ea       data     extern D:\_WorkSpace\GitHub\PIC18F_CANopen\CANopen\CO_stack.c
                   CVRCON   0x000fb5       data     extern C:\MCC18\src\traditional\proc\p18F4585.asm
               CVRCONbits   0x000fb5       data     extern C:\MCC18\src\traditional\proc\p18F4585.asm
                 CurIndex   0x0001a3       data     static D:\_WorkSpace\GitHub\PIC18F_CANopen\CANopen\CO_stack.c
              CurSubIndex   0x0001a5       data     static D:\_WorkSpace\GitHub\PIC18F_CANopen\CANopen\CO_stack.c
                     DDRA   0x000f92       data     extern C:\MCC18\src\traditional\proc\p18F4585.asm
                 DDRAbits   0x000f92       data     extern C:\MCC18\src\traditional\proc\p18F4585.asm
                     DDRB   0x000f93       data     extern C:\MCC18\src\traditional\proc\p18F4585.asm
                 DDRBbits   0x000f93       data     extern C:\MCC18\src\traditional\proc\p18F4585.asm
                     DDRC   0x000f94       data     extern C:\MCC18\src\traditional\proc\p18F4585.asm
                 DDRCbits   0x000f94       data     extern C:\MCC18\src\traditional\proc\p18F4585.asm
                     DDRD   0x000f95       data     extern C:\MCC18\src\traditional\proc\p18F4585.asm
                 DDRDbits   0x000f95       data     extern C:\MCC18\src\traditional\proc\p18F4585.asm
                     DDRE   0x000f96       data     extern C:\MCC18\src\traditional\proc\p18F4585.asm
                 DDREbits   0x000f96       data     extern C:\MCC18\src\traditional\proc\p18F4585.asm
                  ECANCON   0x000f77       data     extern C:\MCC18\src\traditional\proc\p18F4585.asm
              ECANCONbits   0x000f77       data     extern C:\MCC18\src\traditional\proc\p18F4585.asm
                  ECCP1AS   0x000fb6       data     extern C:\MCC18\src\traditional\proc\p18F4585.asm
              ECCP1ASbits   0x000fb6       data     extern C:\MCC18\src\traditional\proc\p18F4585.asm
                 ECCP1CON   0x000fba       data     extern C:\MCC18\src\traditional\proc\p18F4585.asm
             ECCP1CONbits   0x000fba       data     extern C:\MCC18\src\traditional\proc\p18F4585.asm
                 ECCP1DEL   0x000fb7       data     extern C:\MCC18\src\traditional\proc\p18F4585.asm
             ECCP1DELbits   0x000fb7       data     extern C:\MCC18\src\traditional\proc\p18F4585.asm
                   ECCPR1   0x000fbb       data     extern C:\MCC18\src\traditional\proc\p18F4585.asm
                  ECCPR1H   0x000fbc       data     extern C:\MCC18\src\traditional\proc\p18F4585.asm
                  ECCPR1L   0x000fbb       data     extern C:\MCC18\src\traditional\proc\p18F4585.asm
                    EEADR   0x000fa9       data     extern C:\MCC18\src\traditional\proc\p18F4585.asm
                   EEADRH   0x000faa       data     extern C:\MCC18\src\traditional\proc\p18F4585.asm
                   EECON1   0x000fa6       data     extern C:\MCC18\src\traditional\proc\p18F4585.asm
               EECON1bits   0x000fa6       data     extern C:\MCC18\src\traditional\proc\p18F4585.asm
                   EECON2   0x000fa7       data     extern C:\MCC18\src\traditional\proc\p18F4585.asm
                   EEDATA   0x000fa8       data     extern C:\MCC18\src\traditional\proc\p18F4585.asm
             EEPROM_index   0x0000ec       data     static D:\_WorkSpace\GitHub\PIC18F_CANopen\CANopen\PIC18_with_Microchip_C18\CO_driver.c
             ErrorControl   0x000160       data     extern D:\_WorkSpace\GitHub\PIC18F_CANopen\CANopen\CO_stack.c
                     FSR0   0x000fe9       data     extern C:\MCC18\src\traditional\proc\p18F4585.asm
                    FSR0H   0x000fea       data     extern C:\MCC18\src\traditional\proc\p18F4585.asm
                    FSR0L   0x000fe9       data     extern C:\MCC18\src\traditional\proc\p18F4585.asm
                     FSR1   0x000fe1       data     extern C:\MCC18\src\traditional\proc\p18F4585.asm
                    FSR1H   0x000fe2       data     extern C:\MCC18\src\traditional\proc\p18F4585.asm
                    FSR1L   0x000fe1       data     extern C:\MCC18\src\traditional\proc\p18F4585.asm
                     FSR2   0x000fd9       data     extern C:\MCC18\src\traditional\proc\p18F4585.asm
                    FSR2H   0x000fda       data     extern C:\MCC18\src\traditional\proc\p18F4585.asm
                    FSR2L   0x000fd9       data     extern C:\MCC18\src\traditional\proc\p18F4585.asm
                  HLVDCON   0x000fd2       data     extern C:\MCC18\src\traditional\proc\p18F4585.asm
              HLVDCONbits   0x000fd2       data     extern C:\MCC18\src\traditional\proc\p18F4585.asm
                    INDF0   0x000fef       data     extern C:\MCC18\src\traditional\proc\p18F4585.asm
                    INDF1   0x000fe7       data     extern C:\MCC18\src\traditional\proc\p18F4585.asm
                    INDF2   0x000fdf       data     extern C:\MCC18\src\traditional\proc\p18F4585.asm
                   INTCON   0x000ff2       data     extern C:\MCC18\src\traditional\proc\p18F4585.asm
                  INTCON2   0x000ff1       data     extern C:\MCC18\src\traditional\proc\p18F4585.asm
              INTCON2bits   0x000ff1       data     extern C:\MCC18\src\traditional\proc\p18F4585.asm
                  INTCON3   0x000ff0       data     extern C:\MCC18\src\traditional\proc\p18F4585.asm
              INTCON3bits   0x000ff0       data     extern C:\MCC18\src\traditional\proc\p18F4585.asm
               INTCONbits   0x000ff2       data     extern C:\MCC18\src\traditional\proc\p18F4585.asm
                     IPR1   0x000f9f       data     extern C:\MCC18\src\traditional\proc\p18F4585.asm
                 IPR1bits   0x000f9f       data     extern C:\MCC18\src\traditional\proc\p18F4585.asm
                     IPR2   0x000fa2       data     extern C:\MCC18\src\traditional\proc\p18F4585.asm
                 IPR2bits   0x000fa2       data     extern C:\MCC18\src\traditional\proc\p18F4585.asm
                     IPR3   0x000fa5       data     extern C:\MCC18\src\traditional\proc\p18F4585.asm
                 IPR3bits   0x000fa5       data     extern C:\MCC18\src\traditional\proc\p18F4585.asm
                    Index   0x00019a       data     static D:\_WorkSpace\GitHub\PIC18F_CANopen\CANopen\CO_stack.c
                     LATA   0x000f89       data     extern C:\MCC18\src\traditional\proc\p18F4585.asm
                 LATAbits   0x000f89       data     extern C:\MCC18\src\traditional\proc\p18F4585.asm
                     LATB   0x000f8a       data     extern C:\MCC18\src\traditional\proc\p18F4585.asm
                 LATBbits   0x000f8a       data     extern C:\MCC18\src\traditional\proc\p18F4585.asm
                     LATC   0x000f8b       data     extern C:\MCC18\src\traditional\proc\p18F4585.asm
                 LATCbits   0x000f8b       data     extern C:\MCC18\src\traditional\proc\p18F4585.asm
                     LATD   0x000f8c       data     extern C:\MCC18\src\traditional\proc\p18F4585.asm
                 LATDbits   0x000f8c       data     extern C:\MCC18\src\traditional\proc\p18F4585.asm
                     LATE   0x000f8d       data     extern C:\MCC18\src\traditional\proc\p18F4585.asm
                 LATEbits   0x000f8d       data     extern C:\MCC18\src\traditional\proc\p18F4585.asm
                   LVDCON   0x000fd2       data     extern C:\MCC18\src\traditional\proc\p18F4585.asm
               LVDCONbits   0x000fd2       data     extern C:\MCC18\src\traditional\proc\p18F4585.asm
LastStateOperationalGradePrev   0x0001ff       data     static D:\_WorkSpace\GitHub\PIC18F_CANopen\Src\user.c
                    MSEL0   0x000df0       data     extern C:\MCC18\src\traditional\proc\p18F4585.asm
                MSEL0bits   0x000df0       data     extern C:\MCC18\src\traditional\proc\p18F4585.asm
                    MSEL1   0x000df1       data     extern C:\MCC18\src\traditional\proc\p18F4585.asm
                MSEL1bits   0x000df1       data     extern C:\MCC18\src\traditional\proc\p18F4585.asm
                    MSEL2   0x000df2       data     extern C:\MCC18\src\traditional\proc\p18F4585.asm
                MSEL2bits   0x000df2       data     extern C:\MCC18\src\traditional\proc\p18F4585.asm
                    MSEL3   0x000df3       data     extern C:\MCC18\src\traditional\proc\p18F4585.asm
                MSEL3bits   0x000df3       data     extern C:\MCC18\src\traditional\proc\p18F4585.asm
               ODE_EEPROM   0x0001c8       data     extern D:\_WorkSpace\GitHub\PIC18F_CANopen\Src\CO_OD.c
       ODE_Error_Register   0x0000e3       data     extern D:\_WorkSpace\GitHub\PIC18F_CANopen\Src\CO_OD.c
ODE_Manufacturer_Status_Register   0x0000e4       data     extern D:\_WorkSpace\GitHub\PIC18F_CANopen\Src\CO_OD.c
ODE_Pre_Defined_Error_Field   0x0001a8       data     extern D:\_WorkSpace\GitHub\PIC18F_CANopen\Src\CO_OD.c
ODE_Pre_Defined_Error_Field_NoOfErrors   0x0000e8       data     extern D:\_WorkSpace\GitHub\PIC18F_CANopen\Src\CO_OD.c
    ODE_Read_Analog_Input   0x0001d4       data     extern D:\_WorkSpace\GitHub\PIC18F_CANopen\Src\CO_OD.c
   ODE_Read_Digital_Input   0x0001cc       data     extern D:\_WorkSpace\GitHub\PIC18F_CANopen\Src\CO_OD.c
  ODE_Write_Analog_Output   0x0001e4       data     extern D:\_WorkSpace\GitHub\PIC18F_CANopen\Src\CO_OD.c
 ODE_Write_Digital_Output   0x0001d0       data     extern D:\_WorkSpace\GitHub\PIC18F_CANopen\Src\CO_OD.c
                   OSCCON   0x000fd3       data     extern C:\MCC18\src\traditional\proc\p18F4585.asm
               OSCCONbits   0x000fd3       data     extern C:\MCC18\src\traditional\proc\p18F4585.asm
                  OSCTUNE   0x000f9b       data     extern C:\MCC18\src\traditional\proc\p18F4585.asm
              OSCTUNEbits   0x000f9b       data     extern C:\MCC18\src\traditional\proc\p18F4585.asm
                       PC   0x000ff9       data     extern C:\MCC18\src\traditional\proc\p18F4585.asm
                      PCL   0x000ff9       data     extern C:\MCC18\src\traditional\proc\p18F4585.asm
                   PCLATH   0x000ffa       data     extern C:\MCC18\src\traditional\proc\p18F4585.asm
                   PCLATU   0x000ffb       data     extern C:\MCC18\src\traditional\proc\p18F4585.asm
                     PIE1   0x000f9d       data     extern C:\MCC18\src\traditional\proc\p18F4585.asm
                 PIE1bits   0x000f9d       data     extern C:\MCC18\src\traditional\proc\p18F4585.asm
                     PIE2   0x000fa0       data     extern C:\MCC18\src\traditional\proc\p18F4585.asm
                 PIE2bits   0x000fa0       data     extern C:\MCC18\src\traditional\proc\p18F4585.asm
                     PIE3   0x000fa3       data     extern C:\MCC18\src\traditional\proc\p18F4585.asm
                 PIE3bits   0x000fa3       data     extern C:\MCC18\src\traditional\proc\p18F4585.asm
                     PIR1   0x000f9e       data     extern C:\MCC18\src\traditional\proc\p18F4585.asm
                 PIR1bits   0x000f9e       data     extern C:\MCC18\src\traditional\proc\p18F4585.asm
                     PIR2   0x000fa1       data     extern C:\MCC18\src\traditional\proc\p18F4585.asm
                 PIR2bits   0x000fa1       data     extern C:\MCC18\src\traditional\proc\p18F4585.asm
                     PIR3   0x000fa4       data     extern C:\MCC18\src\traditional\proc\p18F4585.asm
                 PIR3bits   0x000fa4       data     extern C:\MCC18\src\traditional\proc\p18F4585.asm
                   PLUSW0   0x000feb       data     extern C:\MCC18\src\traditional\proc\p18F4585.asm
                   PLUSW1   0x000fe3       data     extern C:\MCC18\src\traditional\proc\p18F4585.asm
                   PLUSW2   0x000fdb       data     extern C:\MCC18\src\traditional\proc\p18F4585.asm
                    PORTA   0x000f80       data     extern C:\MCC18\src\traditional\proc\p18F4585.asm
                PORTAbits   0x000f80       data     extern C:\MCC18\src\traditional\proc\p18F4585.asm
                    PORTB   0x000f81       data     extern C:\MCC18\src\traditional\proc\p18F4585.asm
                PORTBbits   0x000f81       data     extern C:\MCC18\src\traditional\proc\p18F4585.asm
                    PORTC   0x000f82       data     extern C:\MCC18\src\traditional\proc\p18F4585.asm
                PORTCbits   0x000f82       data     extern C:\MCC18\src\traditional\proc\p18F4585.asm
                    PORTD   0x000f83       data     extern C:\MCC18\src\traditional\proc\p18F4585.asm
                PORTDbits   0x000f83       data     extern C:\MCC18\src\traditional\proc\p18F4585.asm
                    PORTE   0x000f84       data     extern C:\MCC18\src\traditional\proc\p18F4585.asm
                PORTEbits   0x000f84       data     extern C:\MCC18\src\traditional\proc\p18F4585.asm
                 POSTDEC0   0x000fed       data     extern C:\MCC18\src\traditional\proc\p18F4585.asm
                 POSTDEC1   0x000fe5       data     extern C:\MCC18\src\traditional\proc\p18F4585.asm
                 POSTDEC2   0x000fdd       data     extern C:\MCC18\src\traditional\proc\p18F4585.asm
                 POSTINC0   0x000fee       data     extern C:\MCC18\src\traditional\proc\p18F4585.asm
                 POSTINC1   0x000fe6       data     extern C:\MCC18\src\traditional\proc\p18F4585.asm
                 POSTINC2   0x000fde       data     extern C:\MCC18\src\traditional\proc\p18F4585.asm
                      PR2   0x000fcb       data     extern C:\MCC18\src\traditional\proc\p18F4585.asm
                  PREINC0   0x000fec       data     extern C:\MCC18\src\traditional\proc\p18F4585.asm
                  PREINC1   0x000fe4       data     extern C:\MCC18\src\traditional\proc\p18F4585.asm
                  PREINC2   0x000fdc       data     extern C:\MCC18\src\traditional\proc\p18F4585.asm
                     PROD   0x000ff3       data     extern C:\MCC18\src\traditional\proc\p18F4585.asm
                    PRODH   0x000ff4       data     extern C:\MCC18\src\traditional\proc\p18F4585.asm
                    PRODL   0x000ff3       data     extern C:\MCC18\src\traditional\proc\p18F4585.asm
                     RCON   0x000fd0       data     extern C:\MCC18\src\traditional\proc\p18F4585.asm
                 RCONbits   0x000fd0       data     extern C:\MCC18\src\traditional\proc\p18F4585.asm
                    RCREG   0x000fae       data     extern C:\MCC18\src\traditional\proc\p18F4585.asm
                    RCSTA   0x000fab       data     extern C:\MCC18\src\traditional\proc\p18F4585.asm
                RCSTAbits   0x000fab       data     extern C:\MCC18\src\traditional\proc\p18F4585.asm
                  RXB0CON   0x000f60       data     extern C:\MCC18\src\traditional\proc\p18F4585.asm
              RXB0CONbits   0x000f60       data     extern C:\MCC18\src\traditional\proc\p18F4585.asm
                   RXB0D0   0x000f66       data     extern C:\MCC18\src\traditional\proc\p18F4585.asm
               RXB0D0bits   0x000f66       data     extern C:\MCC18\src\traditional\proc\p18F4585.asm
                   RXB0D1   0x000f67       data     extern C:\MCC18\src\traditional\proc\p18F4585.asm
               RXB0D1bits   0x000f67       data     extern C:\MCC18\src\traditional\proc\p18F4585.asm
                   RXB0D2   0x000f68       data     extern C:\MCC18\src\traditional\proc\p18F4585.asm
               RXB0D2bits   0x000f68       data     extern C:\MCC18\src\traditional\proc\p18F4585.asm
                   RXB0D3   0x000f69       data     extern C:\MCC18\src\traditional\proc\p18F4585.asm
               RXB0D3bits   0x000f69       data     extern C:\MCC18\src\traditional\proc\p18F4585.asm
                   RXB0D4   0x000f6a       data     extern C:\MCC18\src\traditional\proc\p18F4585.asm
               RXB0D4bits   0x000f6a       data     extern C:\MCC18\src\traditional\proc\p18F4585.asm
                   RXB0D5   0x000f6b       data     extern C:\MCC18\src\traditional\proc\p18F4585.asm
               RXB0D5bits   0x000f6b       data     extern C:\MCC18\src\traditional\proc\p18F4585.asm
                   RXB0D6   0x000f6c       data     extern C:\MCC18\src\traditional\proc\p18F4585.asm
               RXB0D6bits   0x000f6c       data     extern C:\MCC18\src\traditional\proc\p18F4585.asm
                   RXB0D7   0x000f6d       data     extern C:\MCC18\src\traditional\proc\p18F4585.asm
               RXB0D7bits   0x000f6d       data     extern C:\MCC18\src\traditional\proc\p18F4585.asm
                  RXB0DLC   0x000f65       data     extern C:\MCC18\src\traditional\proc\p18F4585.asm
              RXB0DLCbits   0x000f65       data     extern C:\MCC18\src\traditional\proc\p18F4585.asm
                 RXB0EIDH   0x000f63       data     extern C:\MCC18\src\traditional\proc\p18F4585.asm
             RXB0EIDHbits   0x000f63       data     extern C:\MCC18\src\traditional\proc\p18F4585.asm
                 RXB0EIDL   0x000f64       data     extern C:\MCC18\src\traditional\proc\p18F4585.asm
             RXB0EIDLbits   0x000f64       data     extern C:\MCC18\src\traditional\proc\p18F4585.asm
                 RXB0SIDH   0x000f61       data     extern C:\MCC18\src\traditional\proc\p18F4585.asm
             RXB0SIDHbits   0x000f61       data     extern C:\MCC18\src\traditional\proc\p18F4585.asm
                 RXB0SIDL   0x000f62       data     extern C:\MCC18\src\traditional\proc\p18F4585.asm
             RXB0SIDLbits   0x000f62       data     extern C:\MCC18\src\traditional\proc\p18F4585.asm
                  RXB1CON   0x000f50       data     extern C:\MCC18\src\traditional\proc\p18F4585.asm
              RXB1CONbits   0x000f50       data     extern C:\MCC18\src\traditional\proc\p18F4585.asm
                   RXB1D0   0x000f56       data     extern C:\MCC18\src\traditional\proc\p18F4585.asm
               RXB1D0bits   0x000f56       data     extern C:\MCC18\src\traditional\proc\p18F4585.asm
                   RXB1D1   0x000f57       data     extern C:\MCC18\src\traditional\proc\p18F4585.asm
               RXB1D1bits   0x000f57       data     extern C:\MCC18\src\traditional\proc\p18F4585.asm
                   RXB1D2   0x000f58       data     extern C:\MCC18\src\traditional\proc\p18F4585.asm
               RXB1D2bits   0x000f58       data     extern C:\MCC18\src\traditional\proc\p18F4585.asm
                   RXB1D3   0x000f59       data     extern C:\MCC18\src\traditional\proc\p18F4585.asm
               RXB1D3bits   0x000f59       data     extern C:\MCC18\src\traditional\proc\p18F4585.asm
                   RXB1D4   0x000f5a       data     extern C:\MCC18\src\traditional\proc\p18F4585.asm
               RXB1D4bits   0x000f5a       data     extern C:\MCC18\src\traditional\proc\p18F4585.asm
                   RXB1D5   0x000f5b       data     extern C:\MCC18\src\traditional\proc\p18F4585.asm
[...]
              COMSTATbits   0x000f74       data     extern C:\MCC18\src\traditional\proc\p18F4585.asm
             RXERRCNTbits   0x000f75       data     extern C:\MCC18\src\traditional\proc\p18F4585.asm
                 RXERRCNT   0x000f75       data     extern C:\MCC18\src\traditional\proc\p18F4585.asm
                 TXERRCNT   0x000f76       data     extern C:\MCC18\src\traditional\proc\p18F4585.asm
             TXERRCNTbits   0x000f76       data     extern C:\MCC18\src\traditional\proc\p18F4585.asm
              ECANCONbits   0x000f77       data     extern C:\MCC18\src\traditional\proc\p18F4585.asm
                  ECANCON   0x000f77       data     extern C:\MCC18\src\traditional\proc\p18F4585.asm
                    PORTA   0x000f80       data     extern C:\MCC18\src\traditional\proc\p18F4585.asm
                PORTAbits   0x000f80       data     extern C:\MCC18\src\traditional\proc\p18F4585.asm
                    PORTB   0x000f81       data     extern C:\MCC18\src\traditional\proc\p18F4585.asm
                PORTBbits   0x000f81       data     extern C:\MCC18\src\traditional\proc\p18F4585.asm
                    PORTC   0x000f82       data     extern C:\MCC18\src\traditional\proc\p18F4585.asm
                PORTCbits   0x000f82       data     extern C:\MCC18\src\traditional\proc\p18F4585.asm
                PORTDbits   0x000f83       data     extern C:\MCC18\src\traditional\proc\p18F4585.asm
                    PORTD   0x000f83       data     extern C:\MCC18\src\traditional\proc\p18F4585.asm
                PORTEbits   0x000f84       data     extern C:\MCC18\src\traditional\proc\p18F4585.asm
                    PORTE   0x000f84       data     extern C:\MCC18\src\traditional\proc\p18F4585.asm
                     LATA   0x000f89       data     extern C:\MCC18\src\traditional\proc\p18F4585.asm
                 LATAbits   0x000f89       data     extern C:\MCC18\src\traditional\proc\p18F4585.asm
                 LATBbits   0x000f8a       data     extern C:\MCC18\src\traditional\proc\p18F4585.asm
                     LATB   0x000f8a       data     extern C:\MCC18\src\traditional\proc\p18F4585.asm
                 LATCbits   0x000f8b       data     extern C:\MCC18\src\traditional\proc\p18F4585.asm
                     LATC   0x000f8b       data     extern C:\MCC18\src\traditional\proc\p18F4585.asm
                 LATDbits   0x000f8c       data     extern C:\MCC18\src\traditional\proc\p18F4585.asm
                     LATD   0x000f8c       data     extern C:\MCC18\src\traditional\proc\p18F4585.asm
                     LATE   0x000f8d       data     extern C:\MCC18\src\traditional\proc\p18F4585.asm
                 LATEbits   0x000f8d       data     extern C:\MCC18\src\traditional\proc\p18F4585.asm
                    TRISA   0x000f92       data     extern C:\MCC18\src\traditional\proc\p18F4585.asm
                TRISAbits   0x000f92       data     extern C:\MCC18\src\traditional\proc\p18F4585.asm
                 DDRAbits   0x000f92       data     extern C:\MCC18\src\traditional\proc\p18F4585.asm
                     DDRA   0x000f92       data     extern C:\MCC18\src\traditional\proc\p18F4585.asm
                     DDRB   0x000f93       data     extern C:\MCC18\src\traditional\proc\p18F4585.asm
                 DDRBbits   0x000f93       data     extern C:\MCC18\src\traditional\proc\p18F4585.asm
                TRISBbits   0x000f93       data     extern C:\MCC18\src\traditional\proc\p18F4585.asm
                    TRISB   0x000f93       data     extern C:\MCC18\src\traditional\proc\p18F4585.asm
                     DDRC   0x000f94       data     extern C:\MCC18\src\traditional\proc\p18F4585.asm
                 DDRCbits   0x000f94       data     extern C:\MCC18\src\traditional\proc\p18F4585.asm
                TRISCbits   0x000f94       data     extern C:\MCC18\src\traditional\proc\p18F4585.asm
                    TRISC   0x000f94       data     extern C:\MCC18\src\traditional\proc\p18F4585.asm
                     DDRD   0x000f95       data     extern C:\MCC18\src\traditional\proc\p18F4585.asm
                 DDRDbits   0x000f95       data     extern C:\MCC18\src\traditional\proc\p18F4585.asm
                TRISDbits   0x000f95       data     extern C:\MCC18\src\traditional\proc\p18F4585.asm
                    TRISD   0x000f95       data     extern C:\MCC18\src\traditional\proc\p18F4585.asm
                    TRISE   0x000f96       data     extern C:\MCC18\src\traditional\proc\p18F4585.asm
                TRISEbits   0x000f96       data     extern C:\MCC18\src\traditional\proc\p18F4585.asm
                 DDREbits   0x000f96       data     extern C:\MCC18\src\traditional\proc\p18F4585.asm
                     DDRE   0x000f96       data     extern C:\MCC18\src\traditional\proc\p18F4585.asm
              OSCTUNEbits   0x000f9b       data     extern C:\MCC18\src\traditional\proc\p18F4585.asm
                  OSCTUNE   0x000f9b       data     extern C:\MCC18\src\traditional\proc\p18F4585.asm
                 PIE1bits   0x000f9d       data     extern C:\MCC18\src\traditional\proc\p18F4585.asm
                     PIE1   0x000f9d       data     extern C:\MCC18\src\traditional\proc\p18F4585.asm
                     PIR1   0x000f9e       data     extern C:\MCC18\src\traditional\proc\p18F4585.asm
                 PIR1bits   0x000f9e       data     extern C:\MCC18\src\traditional\proc\p18F4585.asm
                 IPR1bits   0x000f9f       data     extern C:\MCC18\src\traditional\proc\p18F4585.asm
                     IPR1   0x000f9f       data     extern C:\MCC18\src\traditional\proc\p18F4585.asm
                 PIE2bits   0x000fa0       data     extern C:\MCC18\src\traditional\proc\p18F4585.asm
                     PIE2   0x000fa0       data     extern C:\MCC18\src\traditional\proc\p18F4585.asm
                 PIR2bits   0x000fa1       data     extern C:\MCC18\src\traditional\proc\p18F4585.asm
                     PIR2   0x000fa1       data     extern C:\MCC18\src\traditional\proc\p18F4585.asm
                     IPR2   0x000fa2       data     extern C:\MCC18\src\traditional\proc\p18F4585.asm
                 IPR2bits   0x000fa2       data     extern C:\MCC18\src\traditional\proc\p18F4585.asm
                     PIE3   0x000fa3       data     extern C:\MCC18\src\traditional\proc\p18F4585.asm
                 PIE3bits   0x000fa3       data     extern C:\MCC18\src\traditional\proc\p18F4585.asm
                 PIR3bits   0x000fa4       data     extern C:\MCC18\src\traditional\proc\p18F4585.asm
                     PIR3   0x000fa4       data     extern C:\MCC18\src\traditional\proc\p18F4585.asm
                     IPR3   0x000fa5       data     extern C:\MCC18\src\traditional\proc\p18F4585.asm
                 IPR3bits   0x000fa5       data     extern C:\MCC18\src\traditional\proc\p18F4585.asm
               EECON1bits   0x000fa6       data     extern C:\MCC18\src\traditional\proc\p18F4585.asm
                   EECON1   0x000fa6       data     extern C:\MCC18\src\traditional\proc\p18F4585.asm
                   EECON2   0x000fa7       data     extern C:\MCC18\src\traditional\proc\p18F4585.asm
                   EEDATA   0x000fa8       data     extern C:\MCC18\src\traditional\proc\p18F4585.asm
                    EEADR   0x000fa9       data     extern C:\MCC18\src\traditional\proc\p18F4585.asm
                   EEADRH   0x000faa       data     extern C:\MCC18\src\traditional\proc\p18F4585.asm
                RCSTAbits   0x000fab       data     extern C:\MCC18\src\traditional\proc\p18F4585.asm
                    RCSTA   0x000fab       data     extern C:\MCC18\src\traditional\proc\p18F4585.asm
                    TXSTA   0x000fac       data     extern C:\MCC18\src\traditional\proc\p18F4585.asm
                TXSTAbits   0x000fac       data     extern C:\MCC18\src\traditional\proc\p18F4585.asm
                    TXREG   0x000fad       data     extern C:\MCC18\src\traditional\proc\p18F4585.asm
                    RCREG   0x000fae       data     extern C:\MCC18\src\traditional\proc\p18F4585.asm
                    SPBRG   0x000faf       data     extern C:\MCC18\src\traditional\proc\p18F4585.asm
                   SPBRGH   0x000fb0       data     extern C:\MCC18\src\traditional\proc\p18F4585.asm
                T3CONbits   0x000fb1       data     extern C:\MCC18\src\traditional\proc\p18F4585.asm
                    T3CON   0x000fb1       data     extern C:\MCC18\src\traditional\proc\p18F4585.asm
                    TMR3L   0x000fb2       data     extern C:\MCC18\src\traditional\proc\p18F4585.asm
                    TMR3H   0x000fb3       data     extern C:\MCC18\src\traditional\proc\p18F4585.asm
                    CMCON   0x000fb4       data     extern C:\MCC18\src\traditional\proc\p18F4585.asm
                CMCONbits   0x000fb4       data     extern C:\MCC18\src\traditional\proc\p18F4585.asm
                   CVRCON   0x000fb5       data     extern C:\MCC18\src\traditional\proc\p18F4585.asm
               CVRCONbits   0x000fb5       data     extern C:\MCC18\src\traditional\proc\p18F4585.asm
              ECCP1ASbits   0x000fb6       data     extern C:\MCC18\src\traditional\proc\p18F4585.asm
                  ECCP1AS   0x000fb6       data     extern C:\MCC18\src\traditional\proc\p18F4585.asm
                 ECCP1DEL   0x000fb7       data     extern C:\MCC18\src\traditional\proc\p18F4585.asm
             ECCP1DELbits   0x000fb7       data     extern C:\MCC18\src\traditional\proc\p18F4585.asm
                  BAUDCON   0x000fb8       data     extern C:\MCC18\src\traditional\proc\p18F4585.asm
              BAUDCONbits   0x000fb8       data     extern C:\MCC18\src\traditional\proc\p18F4585.asm
             ECCP1CONbits   0x000fba       data     extern C:\MCC18\src\traditional\proc\p18F4585.asm
                 ECCP1CON   0x000fba       data     extern C:\MCC18\src\traditional\proc\p18F4585.asm
                   ECCPR1   0x000fbb       data     extern C:\MCC18\src\traditional\proc\p18F4585.asm
                  ECCPR1L   0x000fbb       data     extern C:\MCC18\src\traditional\proc\p18F4585.asm
                  ECCPR1H   0x000fbc       data     extern C:\MCC18\src\traditional\proc\p18F4585.asm
              CCP1CONbits   0x000fbd       data     extern C:\MCC18\src\traditional\proc\p18F4585.asm
                  CCP1CON   0x000fbd       data     extern C:\MCC18\src\traditional\proc\p18F4585.asm
                    CCPR1   0x000fbe       data     extern C:\MCC18\src\traditional\proc\p18F4585.asm
                   CCPR1L   0x000fbe       data     extern C:\MCC18\src\traditional\proc\p18F4585.asm
                   CCPR1H   0x000fbf       data     extern C:\MCC18\src\traditional\proc\p18F4585.asm
               ADCON2bits   0x000fc0       data     extern C:\MCC18\src\traditional\proc\p18F4585.asm
                   ADCON2   0x000fc0       data     extern C:\MCC18\src\traditional\proc\p18F4585.asm
               ADCON1bits   0x000fc1       data     extern C:\MCC18\src\traditional\proc\p18F4585.asm
                   ADCON1   0x000fc1       data     extern C:\MCC18\src\traditional\proc\p18F4585.asm
               ADCON0bits   0x000fc2       data     extern C:\MCC18\src\traditional\proc\p18F4585.asm
                   ADCON0   0x000fc2       data     extern C:\MCC18\src\traditional\proc\p18F4585.asm
                    ADRES   0x000fc3       data     extern C:\MCC18\src\traditional\proc\p18F4585.asm
                   ADRESL   0x000fc3       data     extern C:\MCC18\src\traditional\proc\p18F4585.asm
                   ADRESH   0x000fc4       data     extern C:\MCC18\src\traditional\proc\p18F4585.asm
              SSPCON2bits   0x000fc5       data     extern C:\MCC18\src\traditional\proc\p18F4585.asm
                  SSPCON2   0x000fc5       data     extern C:\MCC18\src\traditional\proc\p18F4585.asm
                  SSPCON1   0x000fc6       data     extern C:\MCC18\src\traditional\proc\p18F4585.asm
              SSPCON1bits   0x000fc6       data     extern C:\MCC18\src\traditional\proc\p18F4585.asm
              SSPSTATbits   0x000fc7       data     extern C:\MCC18\src\traditional\proc\p18F4585.asm
                  SSPSTAT   0x000fc7       data     extern C:\MCC18\src\traditional\proc\p18F4585.asm
                   SSPADD   0x000fc8       data     extern C:\MCC18\src\traditional\proc\p18F4585.asm
                   SSPBUF   0x000fc9       data     extern C:\MCC18\src\traditional\proc\p18F4585.asm
                    T2CON   0x000fca       data     extern C:\MCC18\src\traditional\proc\p18F4585.asm
                T2CONbits   0x000fca       data     extern C:\MCC18\src\traditional\proc\p18F4585.asm
                      PR2   0x000fcb       data     extern C:\MCC18\src\traditional\proc\p18F4585.asm
                     TMR2   0x000fcc       data     extern C:\MCC18\src\traditional\proc\p18F4585.asm
                    T1CON   0x000fcd       data     extern C:\MCC18\src\traditional\proc\p18F4585.asm
                T1CONbits   0x000fcd       data     extern C:\MCC18\src\traditional\proc\p18F4585.asm
                    TMR1L   0x000fce       data     extern C:\MCC18\src\traditional\proc\p18F4585.asm
                    TMR1H   0x000fcf       data     extern C:\MCC18\src\traditional\proc\p18F4585.asm
                     RCON   0x000fd0       data     extern C:\MCC18\src\traditional\proc\p18F4585.asm
                 RCONbits   0x000fd0       data     extern C:\MCC18\src\traditional\proc\p18F4585.asm
               WDTCONbits   0x000fd1       data     extern C:\MCC18\src\traditional\proc\p18F4585.asm
                   WDTCON   0x000fd1       data     extern C:\MCC18\src\traditional\proc\p18F4585.asm
               LVDCONbits   0x000fd2       data     extern C:\MCC18\src\traditional\proc\p18F4585.asm
                   LVDCON   0x000fd2       data     extern C:\MCC18\src\traditional\proc\p18F4585.asm
                  HLVDCON   0x000fd2       data     extern C:\MCC18\src\traditional\proc\p18F4585.asm
              HLVDCONbits   0x000fd2       data     extern C:\MCC18\src\traditional\proc\p18F4585.asm
               OSCCONbits   0x000fd3       data     extern C:\MCC18\src\traditional\proc\p18F4585.asm
                   OSCCON   0x000fd3       data     extern C:\MCC18\src\traditional\proc\p18F4585.asm
                T0CONbits   0x000fd5       data     extern C:\MCC18\src\traditional\proc\p18F4585.asm
                    T0CON   0x000fd5       data     extern C:\MCC18\src\traditional\proc\p18F4585.asm
                    TMR0L   0x000fd6       data     extern C:\MCC18\src\traditional\proc\p18F4585.asm
                    TMR0H   0x000fd7       data     extern C:\MCC18\src\traditional\proc\p18F4585.asm
               STATUSbits   0x000fd8       data     extern C:\MCC18\src\traditional\proc\p18F4585.asm
                   STATUS   0x000fd8       data     extern C:\MCC18\src\traditional\proc\p18F4585.asm
                     FSR2   0x000fd9       data     extern C:\MCC18\src\traditional\proc\p18F4585.asm
                    FSR2L   0x000fd9       data     extern C:\MCC18\src\traditional\proc\p18F4585.asm
                    FSR2H   0x000fda       data     extern C:\MCC18\src\traditional\proc\p18F4585.asm
                   PLUSW2   0x000fdb       data     extern C:\MCC18\src\traditional\proc\p18F4585.asm
                  PREINC2   0x000fdc       data     extern C:\MCC18\src\traditional\proc\p18F4585.asm
                 POSTDEC2   0x000fdd       data     extern C:\MCC18\src\traditional\proc\p18F4585.asm
                 POSTINC2   0x000fde       data     extern C:\MCC18\src\traditional\proc\p18F4585.asm
                    INDF2   0x000fdf       data     extern C:\MCC18\src\traditional\proc\p18F4585.asm
                      BSR   0x000fe0       data     extern C:\MCC18\src\traditional\proc\p18F4585.asm
                    FSR1L   0x000fe1       data     extern C:\MCC18\src\traditional\proc\p18F4585.asm
                     FSR1   0x000fe1       data     extern C:\MCC18\src\traditional\proc\p18F4585.asm
                    FSR1H   0x000fe2       data     extern C:\MCC18\src\traditional\proc\p18F4585.asm
                   PLUSW1   0x000fe3       data     extern C:\MCC18\src\traditional\proc\p18F4585.asm
                  PREINC1   0x000fe4       data     extern C:\MCC18\src\traditional\proc\p18F4585.asm
                 POSTDEC1   0x000fe5       data     extern C:\MCC18\src\traditional\proc\p18F4585.asm
                 POSTINC1   0x000fe6       data     extern C:\MCC18\src\traditional\proc\p18F4585.asm
                    INDF1   0x000fe7       data     extern C:\MCC18\src\traditional\proc\p18F4585.asm
                     WREG   0x000fe8       data     extern C:\MCC18\src\traditional\proc\p18F4585.asm
                    FSR0L   0x000fe9       data     extern C:\MCC18\src\traditional\proc\p18F4585.asm
                     FSR0   0x000fe9       data     extern C:\MCC18\src\traditional\proc\p18F4585.asm
                    FSR0H   0x000fea       data     extern C:\MCC18\src\traditional\proc\p18F4585.asm
                   PLUSW0   0x000feb       data     extern C:\MCC18\src\traditional\proc\p18F4585.asm
                  PREINC0   0x000fec       data     extern C:\MCC18\src\traditional\proc\p18F4585.asm
                 POSTDEC0   0x000fed       data     extern C:\MCC18\src\traditional\proc\p18F4585.asm
                 POSTINC0   0x000fee       data     extern C:\MCC18\src\traditional\proc\p18F4585.asm
                    INDF0   0x000fef       data     extern C:\MCC18\src\traditional\proc\p18F4585.asm
                  INTCON3   0x000ff0       data     extern C:\MCC18\src\traditional\proc\p18F4585.asm
              INTCON3bits   0x000ff0       data     extern C:\MCC18\src\traditional\proc\p18F4585.asm
              INTCON2bits   0x000ff1       data     extern C:\MCC18\src\traditional\proc\p18F4585.asm
                  INTCON2   0x000ff1       data     extern C:\MCC18\src\traditional\proc\p18F4585.asm
                   INTCON   0x000ff2       data     extern C:\MCC18\src\traditional\proc\p18F4585.asm
               INTCONbits   0x000ff2       data     extern C:\MCC18\src\traditional\proc\p18F4585.asm
                    PRODL   0x000ff3       data     extern C:\MCC18\src\traditional\proc\p18F4585.asm
                     PROD   0x000ff3       data     extern C:\MCC18\src\traditional\proc\p18F4585.asm
                    PRODH   0x000ff4       data     extern C:\MCC18\src\traditional\proc\p18F4585.asm
                   TABLAT   0x000ff5       data     extern C:\MCC18\src\traditional\proc\p18F4585.asm
                   TBLPTR   0x000ff6       data     extern C:\MCC18\src\traditional\proc\p18F4585.asm
                  TBLPTRL   0x000ff6       data     extern C:\MCC18\src\traditional\proc\p18F4585.asm
                  TBLPTRH   0x000ff7       data     extern C:\MCC18\src\traditional\proc\p18F4585.asm
                  TBLPTRU   0x000ff8       data     extern C:\MCC18\src\traditional\proc\p18F4585.asm
                       PC   0x000ff9       data     extern C:\MCC18\src\traditional\proc\p18F4585.asm
                      PCL   0x000ff9       data     extern C:\MCC18\src\traditional\proc\p18F4585.asm
                   PCLATH   0x000ffa       data     extern C:\MCC18\src\traditional\proc\p18F4585.asm
                   PCLATU   0x000ffb       data     extern C:\MCC18\src\traditional\proc\p18F4585.asm
               STKPTRbits   0x000ffc       data     extern C:\MCC18\src\traditional\proc\p18F4585.asm
                   STKPTR   0x000ffc       data     extern C:\MCC18\src\traditional\proc\p18F4585.asm
                      TOS   0x000ffd       data     extern C:\MCC18\src\traditional\proc\p18F4585.asm
                     TOSL   0x000ffd       data     extern C:\MCC18\src\traditional\proc\p18F4585.asm
                     TOSH   0x000ffe       data     extern C:\MCC18\src\traditional\proc\p18F4585.asm
                     TOSU   0x000fff       data     extern C:\MCC18\src\traditional\proc\p18F4585.asm


